Archive member included to satisfy reference by file (symbol)

d:/rt-threadstudio/repo/extract/toolchain_support_packages/arm/gnu_tools_for_arm_embedded_processors/5.4.1/bin/../lib/gcc/arm-none-eabi/5.4.1/../../../../arm-none-eabi/lib/armv7-ar/thumb/softfp\libc.a(lib_a-atoi.o)
                              ./rt-thread/components/finsh/msh_file.o (atoi)
d:/rt-threadstudio/repo/extract/toolchain_support_packages/arm/gnu_tools_for_arm_embedded_processors/5.4.1/bin/../lib/gcc/arm-none-eabi/5.4.1/../../../../arm-none-eabi/lib/armv7-ar/thumb/softfp\libc.a(lib_a-exit.o)
                              d:/rt-threadstudio/repo/extract/toolchain_support_packages/arm/gnu_tools_for_arm_embedded_processors/5.4.1/bin/../lib/gcc/arm-none-eabi/5.4.1/../../../../arm-none-eabi/lib/armv7-ar/thumb/softfp/crt0.o (exit)
d:/rt-threadstudio/repo/extract/toolchain_support_packages/arm/gnu_tools_for_arm_embedded_processors/5.4.1/bin/../lib/gcc/arm-none-eabi/5.4.1/../../../../arm-none-eabi/lib/armv7-ar/thumb/softfp\libc.a(lib_a-fclose.o)
                              ./rt-thread/components/libc/compilers/gcc/newlib/stdio.o (fclose)
d:/rt-threadstudio/repo/extract/toolchain_support_packages/arm/gnu_tools_for_arm_embedded_processors/5.4.1/bin/../lib/gcc/arm-none-eabi/5.4.1/../../../../arm-none-eabi/lib/armv7-ar/thumb/softfp\libc.a(lib_a-fflush.o)
                              d:/rt-threadstudio/repo/extract/toolchain_support_packages/arm/gnu_tools_for_arm_embedded_processors/5.4.1/bin/../lib/gcc/arm-none-eabi/5.4.1/../../../../arm-none-eabi/lib/armv7-ar/thumb/softfp\libc.a(lib_a-fclose.o) (__sflush_r)
d:/rt-threadstudio/repo/extract/toolchain_support_packages/arm/gnu_tools_for_arm_embedded_processors/5.4.1/bin/../lib/gcc/arm-none-eabi/5.4.1/../../../../arm-none-eabi/lib/armv7-ar/thumb/softfp\libc.a(lib_a-fileno.o)
                              ./rt-thread/components/libc/compilers/gcc/newlib/stdio.o (fileno)
d:/rt-threadstudio/repo/extract/toolchain_support_packages/arm/gnu_tools_for_arm_embedded_processors/5.4.1/bin/../lib/gcc/arm-none-eabi/5.4.1/../../../../arm-none-eabi/lib/armv7-ar/thumb/softfp\libc.a(lib_a-findfp.o)
                              d:/rt-threadstudio/repo/extract/toolchain_support_packages/arm/gnu_tools_for_arm_embedded_processors/5.4.1/bin/../lib/gcc/arm-none-eabi/5.4.1/../../../../arm-none-eabi/lib/armv7-ar/thumb/softfp\libc.a(lib_a-fclose.o) (__sinit)
d:/rt-threadstudio/repo/extract/toolchain_support_packages/arm/gnu_tools_for_arm_embedded_processors/5.4.1/bin/../lib/gcc/arm-none-eabi/5.4.1/../../../../arm-none-eabi/lib/armv7-ar/thumb/softfp\libc.a(lib_a-fopen.o)
                              ./rt-thread/components/libc/compilers/gcc/newlib/stdio.o (fopen)
d:/rt-threadstudio/repo/extract/toolchain_support_packages/arm/gnu_tools_for_arm_embedded_processors/5.4.1/bin/../lib/gcc/arm-none-eabi/5.4.1/../../../../arm-none-eabi/lib/armv7-ar/thumb/softfp\libc.a(lib_a-fseek.o)
                              d:/rt-threadstudio/repo/extract/toolchain_support_packages/arm/gnu_tools_for_arm_embedded_processors/5.4.1/bin/../lib/gcc/arm-none-eabi/5.4.1/../../../../arm-none-eabi/lib/armv7-ar/thumb/softfp\libc.a(lib_a-fopen.o) (_fseek_r)
d:/rt-threadstudio/repo/extract/toolchain_support_packages/arm/gnu_tools_for_arm_embedded_processors/5.4.1/bin/../lib/gcc/arm-none-eabi/5.4.1/../../../../arm-none-eabi/lib/armv7-ar/thumb/softfp\libc.a(lib_a-fseeko.o)
                              d:/rt-threadstudio/repo/extract/toolchain_support_packages/arm/gnu_tools_for_arm_embedded_processors/5.4.1/bin/../lib/gcc/arm-none-eabi/5.4.1/../../../../arm-none-eabi/lib/armv7-ar/thumb/softfp\libc.a(lib_a-fseek.o) (_fseeko_r)
d:/rt-threadstudio/repo/extract/toolchain_support_packages/arm/gnu_tools_for_arm_embedded_processors/5.4.1/bin/../lib/gcc/arm-none-eabi/5.4.1/../../../../arm-none-eabi/lib/armv7-ar/thumb/softfp\libc.a(lib_a-fwalk.o)
                              d:/rt-threadstudio/repo/extract/toolchain_support_packages/arm/gnu_tools_for_arm_embedded_processors/5.4.1/bin/../lib/gcc/arm-none-eabi/5.4.1/../../../../arm-none-eabi/lib/armv7-ar/thumb/softfp\libc.a(lib_a-findfp.o) (_fwalk)
d:/rt-threadstudio/repo/extract/toolchain_support_packages/arm/gnu_tools_for_arm_embedded_processors/5.4.1/bin/../lib/gcc/arm-none-eabi/5.4.1/../../../../arm-none-eabi/lib/armv7-ar/thumb/softfp\libc.a(lib_a-getc.o)
                              ./rt-thread/components/drivers/serial/serial.o (getc)
d:/rt-threadstudio/repo/extract/toolchain_support_packages/arm/gnu_tools_for_arm_embedded_processors/5.4.1/bin/../lib/gcc/arm-none-eabi/5.4.1/../../../../arm-none-eabi/lib/armv7-ar/thumb/softfp\libc.a(lib_a-impure.o)
                              ./rt-thread/components/libc/compilers/gcc/newlib/stdio.o (_global_impure_ptr)
d:/rt-threadstudio/repo/extract/toolchain_support_packages/arm/gnu_tools_for_arm_embedded_processors/5.4.1/bin/../lib/gcc/arm-none-eabi/5.4.1/../../../../arm-none-eabi/lib/armv7-ar/thumb/softfp\libc.a(lib_a-makebuf.o)
[...]
Memory Configuration

Name             Origin             Length             Attributes
CODE             0x00000000         0x00300000         xr
DATA             0x08000000         0x00040000         rw
*default*        0x00000000         0xffffffff

Linker script and memory map

LOAD d:/rt-threadstudio/repo/extract/toolchain_support_packages/arm/gnu_tools_for_arm_embedded_processors/5.4.1/bin/../lib/gcc/arm-none-eabi/5.4.1/armv7-ar/thumb/softfp/crti.o
LOAD d:/rt-threadstudio/repo/extract/toolchain_support_packages/arm/gnu_tools_for_arm_embedded_processors/5.4.1/bin/../lib/gcc/arm-none-eabi/5.4.1/armv7-ar/thumb/softfp/crtbegin.o
LOAD d:/rt-threadstudio/repo/extract/toolchain_support_packages/arm/gnu_tools_for_arm_embedded_processors/5.4.1/bin/../lib/gcc/arm-none-eabi/5.4.1/../../../../arm-none-eabi/lib/armv7-ar/thumb/softfp/crt0.o
LOAD ./rt-thread/src/clock.o
LOAD ./rt-thread/src/components.o
LOAD ./rt-thread/src/device.o
LOAD ./rt-thread/src/idle.o
LOAD ./rt-thread/src/ipc.o
LOAD ./rt-thread/src/irq.o
LOAD ./rt-thread/src/kservice.o
LOAD ./rt-thread/src/mem.o
LOAD ./rt-thread/src/mempool.o
LOAD ./rt-thread/src/object.o
LOAD ./rt-thread/src/scheduler.o
LOAD ./rt-thread/src/thread.o
LOAD ./rt-thread/src/timer.o
LOAD ./rt-thread/libcpu/arm/common/backtrace.o
LOAD ./rt-thread/libcpu/arm/common/div0.o
LOAD ./rt-thread/libcpu/arm/common/showmem.o
LOAD ./rt-thread/libcpu/arm/am335x/context_gcc.o
LOAD ./rt-thread/libcpu/arm/am335x/cpu.o
LOAD ./rt-thread/libcpu/arm/am335x/interrupt.o
LOAD ./rt-thread/libcpu/arm/am335x/stack.o
LOAD ./rt-thread/libcpu/arm/am335x/start_gcc.o
LOAD ./rt-thread/libcpu/arm/am335x/trap.o
LOAD ./rt-thread/libcpu/arm/am335x/vector_gcc.o
LOAD ./rt-thread/components/libc/compilers/gcc/newlib/libc.o
LOAD ./rt-thread/components/libc/compilers/gcc/newlib/stdio.o
LOAD ./rt-thread/components/libc/compilers/gcc/newlib/syscalls.o
LOAD ./rt-thread/components/libc/compilers/common/delay.o
LOAD ./rt-thread/components/libc/compilers/common/stdlib.o
LOAD ./rt-thread/components/libc/compilers/common/time.o
LOAD ./rt-thread/components/libc/compilers/common/unistd.o
LOAD ./rt-thread/components/finsh/cmd.o
LOAD ./rt-thread/components/finsh/msh.o
LOAD ./rt-thread/components/finsh/msh_file.o
LOAD ./rt-thread/components/finsh/shell.o
LOAD ./rt-thread/components/drivers/src/completion.o
LOAD ./rt-thread/components/drivers/src/dataqueue.o
LOAD ./rt-thread/components/drivers/src/pipe.o
LOAD ./rt-thread/components/drivers/src/ringblk_buf.o
LOAD ./rt-thread/components/drivers/src/ringbuffer.o
LOAD ./rt-thread/components/drivers/src/waitqueue.o
LOAD ./rt-thread/components/drivers/src/workqueue.o
LOAD ./rt-thread/components/drivers/serial/serial.o
LOAD ./rt-thread/components/drivers/misc/pin.o
LOAD ./rt-thread/components/dfs/src/dfs.o
LOAD ./rt-thread/components/dfs/src/dfs_file.o
LOAD ./rt-thread/components/dfs/src/dfs_fs.o
LOAD ./rt-thread/components/dfs/src/dfs_poll.o
LOAD ./rt-thread/components/dfs/src/dfs_posix.o
LOAD ./rt-thread/components/dfs/src/dfs_select.o
LOAD ./rt-thread/components/dfs/filesystems/devfs/devfs.o
LOAD ./drivers/board.o
LOAD ./drivers/drv_uart.o
LOAD ./applications/main.o
LOAD ./HALCoGen/source/gio.o
LOAD ./HALCoGen/source/rti.o
LOAD ./HALCoGen/source/sys_startup.o
LOAD ./HALCoGen/source/sys_vim.o
LOAD ./HALCoGen/source/system.o
LOAD d:/rt-threadstudio/repo/extract/toolchain_support_packages/arm/gnu_tools_for_arm_embedded_processors/5.4.1/bin/../lib/gcc/arm-none-eabi/5.4.1/../../../../arm-none-eabi/lib/armv7-ar/thumb/softfp\libm.a
LOAD d:/rt-threadstudio/repo/extract/toolchain_support_packages/arm/gnu_tools_for_arm_embedded_processors/5.4.1/bin/../lib/gcc/arm-none-eabi/5.4.1/../../../../arm-none-eabi/lib/armv7-ar/thumb/softfp\libc.a
START GROUP
LOAD d:/rt-threadstudio/repo/extract/toolchain_support_packages/arm/gnu_tools_for_arm_embedded_processors/5.4.1/bin/../lib/gcc/arm-none-eabi/5.4.1/armv7-ar/thumb/softfp\libgcc.a
LOAD d:/rt-threadstudio/repo/extract/toolchain_support_packages/arm/gnu_tools_for_arm_embedded_processors/5.4.1/bin/../lib/gcc/arm-none-eabi/5.4.1/../../../../arm-none-eabi/lib/armv7-ar/thumb/softfp\libc.a
END GROUP
LOAD d:/rt-threadstudio/repo/extract/toolchain_support_packages/arm/gnu_tools_for_arm_embedded_processors/5.4.1/bin/../lib/gcc/arm-none-eabi/5.4.1/armv7-ar/thumb/softfp/crtend.o
LOAD d:/rt-threadstudio/repo/extract/toolchain_support_packages/arm/gnu_tools_for_arm_embedded_processors/5.4.1/bin/../lib/gcc/arm-none-eabi/5.4.1/armv7-ar/thumb/softfp/crtn.o

.text           0x00000000    0x25934
                0x00000000                __text_start = .
 *(.vectors)
 .vectors       0x00000000       0x20 ./rt-thread/libcpu/arm/am335x/vector_gcc.o
                0x00000000                system_vectors
 *(.text)
 .text          0x00000020      0x1f4 ./rt-thread/src/clock.o
                0x00000020                rt_tick_get
                0x00000044                rt_tick_set
                0x00000080                rt_tick_increase
                0x0000012c                rt_tick_from_millisecond
                0x000001f0                rt_tick_get_millisecond
 .text          0x00000214      0x200 ./rt-thread/src/components.o
                0x00000284                rt_components_board_init
                0x000002d8                rt_components_init
                0x0000032c                entry
                0x00000344                main_thread_entry
                0x00000368                rt_application_init
                0x000003dc                rtthread_startup
 .text          0x00000414      0xa88 ./rt-thread/src/device.o
                0x000004ac                rt_device_register
                0x0000055c                rt_device_unregister
                0x0000060c                rt_device_find
                0x00000638                rt_device_create
                0x000006c0                rt_device_destroy
                0x00000774                rt_device_init
                0x00000838                rt_device_open
                0x00000a24                rt_device_close
                0x00000b30                rt_device_read
                0x00000c0c                rt_device_write
                0x00000ce8                rt_device_control
                0x00000d94                rt_device_set_rx_indicate
                0x00000e18                rt_device_set_tx_complete
 .text          0x00000e9c      0x4e8 ./rt-thread/src/idle.o
                0x00000f5c                rt_thread_idle_sethook
                0x00000ff0                rt_thread_idle_delhook
                0x00001088                rt_thread_defunct_enqueue
                0x000010bc                rt_thread_defunct_dequeue
                0x00001290                rt_thread_idle_init
                0x00001358                rt_thread_idle_gethandler
 .text          0x00001384     0x3ea4 ./rt-thread/src/ipc.o
                0x00001650                rt_sem_init
                0x00001700                rt_sem_detach
                0x000017c0                rt_sem_create
                0x000018a8                rt_sem_delete
                0x000019b4                rt_sem_take
                0x00001c00                rt_sem_trytake
                0x00001c2c                rt_sem_release
                0x00001d60                rt_sem_control
                0x00001e34                rt_mutex_init
                0x00001ee0                rt_mutex_detach
                0x00001fa0                rt_mutex_create
                0x00002080                rt_mutex_delete
                0x0000218c                rt_mutex_take
                0x000024c8                rt_mutex_trytake
                0x000024f4                rt_mutex_release
                0x000027e0                rt_mutex_control
                0x0000285c                rt_event_init
                0x000028e4                rt_event_detach
                0x000029a4                rt_event_create
                0x00002a60                rt_event_delete
                0x00002b6c                rt_event_send
                0x00002dbc                rt_event_recv
                0x0000315c                rt_event_control
                0x00003224                rt_mb_init
                0x000032f0                rt_mb_detach
                0x000033c0                rt_mb_create
                0x000034fc                rt_mb_delete
                0x00003628                rt_mb_send_wait
                0x000039c8                rt_mb_send
                0x000039fc                rt_mb_urgent
                0x00003ba4                rt_mb_recv
                0x00003f80                rt_mb_control
                0x00004070                rt_mq_init
                0x000041dc                rt_mq_detach
                0x000042ac                rt_mq_create
                0x0000447c                rt_mq_delete
                0x000045a8                rt_mq_send_wait
                0x000049ec                rt_mq_send
                0x00004a28                rt_mq_urgent
                0x00004c7c                rt_mq_recv
                0x000050e4                rt_mq_control
 .text          0x00005228      0x17c ./rt-thread/src/irq.o
                0x00005228                rt_interrupt_enter_sethook
                0x00005258                rt_interrupt_leave_sethook
                0x00005288                rt_interrupt_enter
                0x000052f8                rt_interrupt_leave
                0x00005368                rt_interrupt_get_nest
 .text          0x000053a4     0x1d9c ./rt-thread/src/kservice.o
                0x000053a4                rt_get_errno
                0x00005408                rt_set_errno
                0x00005478                _rt_errno
                0x000054d4                rt_memset
                0x00005634                rt_memcpy
                0x000057cc                rt_memmove
                0x000058c8                rt_memcmp
                0x00005970                rt_strstr
                0x00005a1c                rt_strcasecmp
                0x00005ad8                rt_strncpy
                0x00005b98                rt_strncmp
                0x00005c28                rt_strcmp
                0x00005ca8                rt_strlen
                0x00005cfc                rt_strnlen
                0x00005d70                rt_strdup
                0x00005dd4                rt_show_version
                0x000062b4                rt_vsnprintf
                0x00006bac                rt_snprintf
                0x00006bfc                rt_vsprintf
                0x00006c38                rt_sprintf
                0x00006c80                rt_console_get_device
                0x00006ca4                rt_console_set_device
                0x00006d48                rt_hw_console_output
                0x00006d68                rt_kputs
                0x00006ddc                rt_kprintf
                0x00006e80                rt_malloc_align
                0x00006f78                rt_free_align
                0x00006fac                __rt_ffs
                0x00007084                rt_assert_set_hook
                0x000070b4                rt_assert_handler
 .text          0x00007140     0x1058 ./rt-thread/src/mem.o
                0x00007140                rt_malloc_sethook
                0x00007170                rt_free_sethook
                0x000073a4                rt_system_heap_init
                0x000075a0                rt_malloc
                0x00007aa0                rt_realloc
                0x00007da8                rt_calloc
                0x00007e0c                rt_free
                0x000080ac                rt_memory_info
                0x00008134                list_mem
 .text          0x00008198      0x9ec ./rt-thread/src/object.o
                0x00008258                rt_object_attach_sethook
                0x00008288                rt_object_detach_sethook
                0x000082b8                rt_object_trytake_sethook
                0x000082e8                rt_object_take_sethook
                0x00008318                rt_object_put_sethook
                0x00008348                rt_object_get_information
                0x000083c8                rt_object_get_length
                0x0000847c                rt_object_get_pointers
                0x00008588                rt_object_init
                0x000086e4                rt_object_detach
                0x00008778                rt_object_allocate
                0x000088e0                rt_object_delete
                0x000089a8                rt_object_is_systemobject
                0x00008a08                rt_object_get_type
                0x00008a58                rt_object_find
 .text          0x00008b84      0x93c ./rt-thread/src/scheduler.o
                0x00008cbc                rt_scheduler_sethook
                0x00008cec                rt_scheduler_switch_sethook
                0x00008e78                rt_system_scheduler_init
                0x00008ed4                rt_system_scheduler_start
                0x00008f24                rt_schedule
                0x00009200                rt_schedule_insert_thread
                0x0000930c                rt_schedule_remove_thread
                0x000093c0                rt_enter_critical
                0x00009408                rt_exit_critical
                0x00009498                rt_critical_level
 .text          0x000094c0     0x1018 ./rt-thread/src/thread.o
                0x00009560                rt_thread_suspend_sethook
                0x00009590                rt_thread_resume_sethook
                0x000095c0                rt_thread_inited_sethook
                0x00009870                rt_thread_init
                0x00009928                rt_thread_self
                0x0000994c                rt_thread_startup
                0x00009a40                rt_thread_detach
                0x00009b70                rt_thread_create
                0x00009c1c                rt_thread_delete
                0x00009d2c                rt_thread_yield
                0x00009d8c                rt_thread_sleep
                0x00009e64                rt_thread_delay
                0x00009e8c                rt_thread_delay_until
                0x00009ff4                rt_thread_mdelay
                0x0000a028                rt_thread_control
                0x0000a1a8                rt_thread_suspend
                0x0000a2e8                rt_thread_resume
                0x0000a3d4                rt_thread_timeout
                0x0000a4ac                rt_thread_find
 .text          0x0000a4d8      0xd98 ./rt-thread/src/timer.o
                0x0000a610                rt_timer_enter_sethook
                0x0000a640                rt_timer_exit_sethook
                0x0000a7f8                rt_timer_init
                0x0000a874                rt_timer_detach
                0x0000a954                rt_timer_create
                0x0000a9c0                rt_timer_delete
                0x0000aaa0                rt_timer_start
                0x0000adf0                rt_timer_stop
                0x0000aedc                rt_timer_control
                0x0000b024                rt_timer_check
                0x0000b1e0                rt_timer_next_timeout_tick
                0x0000b200                rt_system_timer_init
                0x0000b258                rt_system_timer_thread_init
 .text          0x0000b270      0x108 ./rt-thread/libcpu/arm/am335x/context_gcc.o
                0x0000b270                rt_hw_interrupt_disable
                0x0000b27c                rt_hw_interrupt_enable
                0x0000b284                rt_hw_context_switch
                0x0000b2b0                rt_hw_context_switch_to
                0x0000b2c0                rt_hw_context_switch_interrupt
                0x0000b2ec                IRQ_Handler
                0x0000b314                rt_hw_context_switch_interrupt_do
 .text          0x0000b378       0x30 ./rt-thread/libcpu/arm/am335x/cpu.o
                0x0000b378                rt_hw_cpu_reset
                0x0000b390                rt_hw_cpu_shutdown
 .text          0x0000b3a8      0x1e0 ./rt-thread/libcpu/arm/am335x/interrupt.o
                0x0000b3d8                rt_hw_interrupt_init
                0x0000b494                rt_hw_interrupt_mask
                0x0000b4bc                rt_hw_interrupt_umask
                0x0000b4e8                rt_hw_interrupt_install
 .text          0x0000b588      0x298 ./rt-thread/libcpu/arm/am335x/stack.o
                0x0000b588                rt_hw_stack_init
 .text          0x0000b820      0x370 ./rt-thread/libcpu/arm/am335x/start_gcc.o
                0x0000b820                _reset
                0x0000b878                data_init
                0x0000b8e0                _coreEnableRamEcc_
                0x0000b8f8                _coreDisableRamEcc_
                0x0000b910                _coreEnableFlashEcc_
                0x0000b92c                _coreDisableFlashEcc_
                0x0000b944                _coreGetDataFault_
                0x0000b94c                _coreClearDataFault_
                0x0000b960                _coreGetInstructionFault_
                0x0000b968                _coreClearInstructionFault_
                0x0000b97c                _coreGetDataFaultAddress_
                0x0000b984                _coreClearDataFaultAddress_
                0x0000b998                _coreGetInstructionFaultAddress_
                0x0000b9a0                _coreClearInstructionFaultAddress_
                0x0000b9b4                _coreGetAuxiliaryDataFault_
                0x0000b9bc                _coreClearAuxiliaryDataFault_
                0x0000b9d0                _coreGetAuxiliaryInstructionFault_
                0x0000b9d8                _coreClearAuxiliaryInstructionFault_
                0x0000b9ec                _esmCcmErrorsClear_
                0x0000ba74                _errata_CORTEXR4_57_
                0x0000ba8c                _errata_CORTEXR4_66_
                0x0000baa4                turnon_VFP
                0x0000babc                vector_svc
                0x0000bae8                vector_pabort
                0x0000bb14                vector_dabort
                0x0000bb40                vector_resv
 .text          0x0000bb90      0x2c4 ./rt-thread/libcpu/arm/am335x/trap.o
                0x0000bb90                rt_hw_show_register
                0x0000bca0                rt_hw_trap_udef
                0x0000bcfc                rt_hw_trap_svc
                0x0000bd34                rt_hw_trap_pabt
                0x0000bd6c                rt_hw_trap_dabt
                0x0000bda4                rt_hw_trap_resv
                0x0000bddc                rt_hw_trap_irq
                0x0000be38                rt_hw_trap_fiq
 .text          0x0000be54       0x58 ./rt-thread/components/libc/compilers/gcc/newlib/libc.o
                0x0000be54                libc_system_init
 .text          0x0000beac      0x23c ./rt-thread/components/libc/compilers/gcc/newlib/stdio.o
                0x0000beac                libc_stdio_set_console
                0x0000c0a4                libc_stdio_get_console
 .text          0x0000c0e8      0x62c ./rt-thread/components/libc/compilers/gcc/newlib/syscalls.o
                0x0000c0e8                _malloc_r
                0x0000c130                _realloc_r
                0x0000c180                _calloc_r
                0x0000c1d0                _free_r
                0x0000c1f8                __libc_init_array
                0x0000c210                __errno
                0x0000c228                _getpid_r
                0x0000c24c                _close_r
                0x0000c278                _execve_r
                0x0000c2b4                _fcntl_r
                0x0000c2f0                _fork_r
                0x0000c320                _fstat_r
                0x0000c358                _isatty_r
                0x0000c3a0                _kill_r
                0x0000c3d8                _link_r
                0x0000c410                _lseek_r
                0x0000c450                _mkdir_r
                0x0000c48c                _open_r
                0x0000c4cc                _read_r
                0x0000c554                _rename_r
                0x0000c58c                _stat_r
                0x0000c5c4                _unlink_r
                0x0000c5f0                _wait_r
                0x0000c624                _write_r
                0x0000c6ac                _exit
                0x0000c6c8                umask
                0x0000c6ec                flock
 .text          0x0000c714       0xd4 ./rt-thread/components/libc/compilers/common/stdlib.o
                0x0000c714                __rt_libc_exit
                0x0000c784                system
 .text          0x0000c7e8     0x1578 ./rt-thread/components/finsh/cmd.o
                0x0000c888                hello
                0x0000c8c8                version
                0x0000cb1c                list_thread
                0x0000ce68                list_sem
                0x0000d04c                list_event
                0x0000d210                list_mutex
                0x0000d38c                list_mailbox
                0x0000d590                list_msgqueue
                0x0000d774                list_mempool
                0x0000d994                list_timer
                0x0000db30                list_device
                0x0000dcb0                list
 .text          0x0000dd60      0xcd0 ./rt-thread/components/finsh/msh.o
                0x0000dd60                msh_help
                0x0000ddf4                cmd_ps
                0x0000de1c                cmd_free
                0x0000e31c                msh_exec
                0x0000e4c8                msh_auto_complete_path
                0x0000e89c                msh_auto_complete
 .text          0x0000ea30     0x14d8 ./rt-thread/components/finsh/msh_file.o
                0x0000eb60                msh_exec_script
 .text          0x0000ff08     0x1498 ./rt-thread/components/finsh/shell.o
                0x0000ff08                finsh_set_prompt
                0x0000ffc0                finsh_get_prompt
                0x000100e0                finsh_get_prompt_mode
                0x00010134                finsh_set_prompt_mode
                0x000101a4                finsh_getchar
                0x0001022c                finsh_set_echo
                0x0001029c                finsh_get_echo
                0x000105fc                finsh_thread_entry
                0x00011264                finsh_system_function_init
                0x000112a8                finsh_system_init
 .text          0x000113a0      0x394 ./rt-thread/components/drivers/src/completion.o
                0x00011474                rt_completion_init
                0x000114e0                rt_completion_wait
                0x00011680                rt_completion_done
 .text          0x00011734      0xdbc ./rt-thread/components/drivers/src/dataqueue.o
                0x00011808                rt_data_queue_init
                0x00011944                rt_data_queue_push
                0x00011c80                rt_data_queue_pop
                0x00012060                rt_data_queue_peek
                0x0001216c                rt_data_queue_reset
                0x000122f8                rt_data_queue_deinit
                0x000123a8                rt_data_queue_len
 .text          0x000124f0      0x448 ./rt-thread/components/drivers/src/waitqueue.o
                0x00012628                rt_wqueue_add
                0x00012674                rt_wqueue_remove
                0x000126b0                __wqueue_default_wake
                0x000126d8                rt_wqueue_wakeup
                0x000127bc                rt_wqueue_wait
 .text          0x00012938      0xcc4 ./rt-thread/components/drivers/src/workqueue.o
                0x00012fe0                rt_workqueue_create
                0x000130dc                rt_workqueue_destroy
                0x00013150                rt_workqueue_dowork
                0x000131cc                rt_workqueue_submit_work
                0x0001324c                rt_workqueue_critical_work
                0x00013330                rt_workqueue_cancel_work
                0x000133a8                rt_workqueue_cancel_work_sync
                0x0001344c                rt_workqueue_cancel_all_work
                0x00013504                rt_work_submit
                0x00013544                rt_work_cancel
 .text          0x000135fc     0x2630 ./rt-thread/components/drivers/serial/serial.o
                0x000156f8                rt_hw_serial_register
                0x0001580c                rt_hw_serial_isr
 .text          0x00015c2c      0xe4c ./rt-thread/components/dfs/src/dfs.o
                0x00015c2c                dfs_init
                0x00015d20                dfs_lock
                0x00015d88                dfs_unlock
                0x00015fb0                fd_new
                0x0001606c                fd_get
                0x00016150                fd_put
                0x00016240                fd_is_open
                0x000163d4                dfs_subdir
                0x00016464                dfs_normalize_path
                0x00016830                dfs_fdtable_get
                0x0001685c                list_fd
 .text          0x00016a78     0x1474 ./rt-thread/components/dfs/src/dfs_file.o
                0x00016a78                dfs_file_open
                0x00016cb8                dfs_file_close
                0x00016d50                dfs_file_ioctl
                0x00016e54                dfs_file_read
                0x00016ef4                dfs_file_getdents
                0x00016f78                dfs_file_unlink
                0x000170d8                dfs_file_write
                0x0001714c                dfs_file_flush
                0x000171b0                dfs_file_lseek
                0x00017238                dfs_file_stat
                0x00017430                dfs_file_rename
                0x000175ac                dfs_file_ftruncate
                0x0001765c                ls
                0x00017820                rm
                0x00017860                cat
                0x00017cd0                copy
 .text          0x00017eec      0xf44 ./rt-thread/components/dfs/src/dfs_fs.o
                0x00017eec                dfs_register
                0x00018024                dfs_filesystem_lookup
                0x0001817c                dfs_filesystem_get_mounted_path
                0x00018214                dfs_filesystem_get_partition
                0x0001846c                dfs_mount
                0x00018818                dfs_unmount
                0x0001898c                dfs_mkfs
                0x00018b34                dfs_statfs
                0x00018ba4                mkfs
                0x00018bd0                df
 .text          0x00018e30      0xe08 ./rt-thread/components/dfs/src/dfs_posix.o
                0x00018e30                open
                0x00018ed4                close
                0x00018f54                read
                0x00018fe4                write
                0x00019074                lseek
                0x00019190                rename
                0x000191e0                unlink
                0x00019228                stat
                0x00019278                fstat
                0x00019340                fsync
                0x0001939c                fcntl
                0x00019448                ioctl
                0x000194a0                ftruncate
                0x0001954c                statfs
                0x0001959c                mkdir
                0x0001964c                rmdir
                0x00019694                opendir
                0x0001977c                readdir
                0x000198a8                telldir
                0x00019924                seekdir
                0x000199a8                rewinddir
                0x00019a28                closedir
                0x00019ab8                chdir
                0x00019bb0                access
                0x00019bf8                getcwd
 .text          0x00019c38      0x93c ./rt-thread/components/dfs/filesystems/devfs/devfs.o
                0x00019c38                dfs_device_fs_mount
                0x00019c64                dfs_device_fs_ioctl
                0x00019d08                dfs_device_fs_read
                0x00019dbc                dfs_device_fs_write
                0x00019e70                dfs_device_fs_close
                0x00019f60                dfs_device_fs_open
                0x0001a210                dfs_device_fs_stat
                0x0001a3a4                dfs_device_fs_getdents
                0x0001a554                devfs_init
 .text          0x0001a574       0x8c ./drivers/board.o
                0x0001a574                rt_timer_handler
                0x0001a5a8                rt_hw_board_init
 .text          0x0001a600      0x430 ./drivers/drv_uart.o
                0x0001a934                rt_hw_uart_init
 .text          0x0001aa30       0x20 ./applications/main.o
                0x0001aa30                main
 .text          0x0001aa50      0x984 ./HALCoGen/source/rti.o
                0x0001aa50                rtiInit
                0x0001abc0                rtiStartCounter
                0x0001ac0c                rtiStopCounter
                0x0001ac5c                rtiResetCounter
                0x0001ad00                rtiSetPeriod
                0x0001ad44                rtiGetPeriod
                0x0001ad88                rtiGetCurrentTick
                0x0001ae20                dwdInit
                0x0001ae64                dwwdInit
                0x0001aed4                dwwdGetCurrentDownCounter
                0x0001aef8                dwdCounterEnable
                0x0001af24                dwdSetPreload
                0x0001af58                dwdReset
                0x0001af90                dwdGenerateSysReset
                0x0001afc8                IsdwdKeySequenceCorrect
                0x0001b014                dwdGetStatus
                0x0001b060                dwdClearFlag
                0x0001b088                dwdGetViolationStatus
                0x0001b140                rtiEnableNotification
                0x0001b180                rtiDisableNotification
                0x0001b1b0                rtiGetConfigValue
 .text          0x0001b3d4      0x1e8 ./HALCoGen/source/sys_startup.o
                0x0001b3d4                memoryInit
                0x0001b430                _c_int00
 .text          0x0001b5bc      0x690 ./HALCoGen/source/sys_vim.o
                0x0001b5bc                vimInit
                0x0001b654                vimChannelMap
                0x0001b740                vimEnableInterrupt
                0x0001b920                vimDisableInterrupt
                0x0001b9bc                vimGetConfigValue
 .text          0x0001bc4c      0xb84 ./HALCoGen/source/system.o
                0x0001bc4c                setupPLL
                0x0001bca4                trimLPO
                0x0001bd18                setupFlash
                0x0001bd84                periphInit
                0x0001be04                mapClocks
                0x0001bf18                systemInit
                0x0001bf90                systemPowerDown
                0x0001bfd8                systemGetConfigValue
                0x0001c450                tcmflashGetConfigValue
                0x0001c650                sramGetConfigValue
 .text          0x0001c7d0       0xec d:/rt-threadstudio/repo/extract/toolchain_support_packages/arm/gnu_tools_for_arm_embedded_processors/5.4.1/bin/../lib/gcc/arm-none-eabi/5.4.1/../../../../arm-none-eabi/lib/armv7-ar/thumb/softfp\libc.a(lib_a-memcpy.o)
                0x0001c7d0                memcpy
 .text          0x0001c8bc      0x1bc d:/rt-threadstudio/repo/extract/toolchain_support_packages/arm/gnu_tools_for_arm_embedded_processors/5.4.1/bin/../lib/gcc/arm-none-eabi/5.4.1/../../../../arm-none-eabi/lib/armv7-ar/thumb/softfp\libc.a(lib_a-strcmp.o)
                0x0001c8bc                strcmp
 .text          0x0001ca78      0x278 d:/rt-threadstudio/repo/extract/toolchain_support_packages/arm/gnu_tools_for_arm_embedded_processors/5.4.1/bin/../lib/gcc/arm-none-eabi/5.4.1/armv7-ar/thumb/softfp\libgcc.a(_udivsi3.o)
                0x0001ca78                __aeabi_uidiv
                0x0001ca78                __udivsi3
                0x0001ccd4                __aeabi_uidivmod
 .text          0x0001ccf0      0x2b0 d:/rt-threadstudio/repo/extract/toolchain_support_packages/arm/gnu_tools_for_arm_embedded_processors/5.4.1/bin/../lib/gcc/arm-none-eabi/5.4.1/armv7-ar/thumb/softfp\libgcc.a(_divsi3.o)
                0x0001ccf0                __divsi3
                0x0001ccf0                __aeabi_idiv
                0x0001cf84                __aeabi_idivmod
 .text          0x0001cfa0        0x4 d:/rt-threadstudio/repo/extract/toolchain_support_packages/arm/gnu_tools_for_arm_embedded_processors/5.4.1/bin/../lib/gcc/arm-none-eabi/5.4.1/armv7-ar/thumb/softfp\libgcc.a(_dvmd_tls.o)
                0x0001cfa0                __aeabi_idiv0
                0x0001cfa0                __aeabi_ldiv0
 .text          0x0001cfa4       0x30 d:/rt-threadstudio/repo/extract/toolchain_support_packages/arm/gnu_tools_for_arm_embedded_processors/5.4.1/bin/../lib/gcc/arm-none-eabi/5.4.1/armv7-ar/thumb/softfp\libgcc.a(_aeabi_uldivmod.o)
                0x0001cfa4                __aeabi_uldivmod
 .text          0x0001cfd4      0x114 d:/rt-threadstudio/repo/extract/toolchain_support_packages/arm/gnu_tools_for_arm_embedded_processors/5.4.1/bin/../lib/gcc/arm-none-eabi/5.4.1/armv7-ar/thumb/softfp\libgcc.a(_udivmoddi4.o)
                0x0001cfd4                __udivmoddi4
 *(.text.*)
 .text.atoi     0x0001d0e8        0x8 d:/rt-threadstudio/repo/extract/toolchain_support_packages/arm/gnu_tools_for_arm_embedded_processors/5.4.1/bin/../lib/gcc/arm-none-eabi/5.4.1/../../../../arm-none-eabi/lib/armv7-ar/thumb/softfp\libc.a(lib_a-atoi.o)
                0x0001d0e8                atoi
 .text._fclose_r
                0x0001d0f0       0x84 d:/rt-threadstudio/repo/extract/toolchain_support_packages/arm/gnu_tools_for_arm_embedded_processors/5.4.1/bin/../lib/gcc/arm-none-eabi/5.4.1/../../../../arm-none-eabi/lib/armv7-ar/thumb/softfp\libc.a(lib_a-fclose.o)
                0x0001d0f0                _fclose_r
 .text.fclose   0x0001d174       0x10 d:/rt-threadstudio/repo/extract/toolchain_support_packages/arm/gnu_tools_for_arm_embedded_processors/5.4.1/bin/../lib/gcc/arm-none-eabi/5.4.1/../../../../arm-none-eabi/lib/armv7-ar/thumb/softfp\libc.a(lib_a-fclose.o)
                0x0001d174                fclose
 .text.__sflush_r
                0x0001d184      0x150 d:/rt-threadstudio/repo/extract/toolchain_support_packages/arm/gnu_tools_for_arm_embedded_processors/5.4.1/bin/../lib/gcc/arm-none-eabi/5.4.1/../../../../arm-none-eabi/lib/armv7-ar/thumb/softfp\libc.a(lib_a-fflush.o)
                0x0001d184                __sflush_r
 .text._fflush_r
                0x0001d2d4       0x2c d:/rt-threadstudio/repo/extract/toolchain_support_packages/arm/gnu_tools_for_arm_embedded_processors/5.4.1/bin/../lib/gcc/arm-none-eabi/5.4.1/../../../../arm-none-eabi/lib/armv7-ar/thumb/softfp\libc.a(lib_a-fflush.o)
                0x0001d2d4                _fflush_r
 .text.fflush   0x0001d300       0x28 d:/rt-threadstudio/repo/extract/toolchain_support_packages/arm/gnu_tools_for_arm_embedded_processors/5.4.1/bin/../lib/gcc/arm-none-eabi/5.4.1/../../../../arm-none-eabi/lib/armv7-ar/thumb/softfp\libc.a(lib_a-fflush.o)
                0x0001d300                fflush
 .text.fileno   0x0001d328       0x34 d:/rt-threadstudio/repo/extract/toolchain_support_packages/arm/gnu_tools_for_arm_embedded_processors/5.4.1/bin/../lib/gcc/arm-none-eabi/5.4.1/../../../../arm-none-eabi/lib/armv7-ar/thumb/softfp\libc.a(lib_a-fileno.o)
                0x0001d328                fileno
 .text._cleanup_r
                0x0001d35c        0xc d:/rt-threadstudio/repo/extract/toolchain_support_packages/arm/gnu_tools_for_arm_embedded_processors/5.4.1/bin/../lib/gcc/arm-none-eabi/5.4.1/../../../../arm-none-eabi/lib/armv7-ar/thumb/softfp\libc.a(lib_a-findfp.o)
                0x0001d35c                _cleanup_r
 .text.__sinit.part.1
                0x0001d368      0x100 d:/rt-threadstudio/repo/extract/toolchain_support_packages/arm/gnu_tools_for_arm_embedded_processors/5.4.1/bin/../lib/gcc/arm-none-eabi/5.4.1/../../../../arm-none-eabi/lib/armv7-ar/thumb/softfp\libc.a(lib_a-findfp.o)
 .text.__sfmoreglue
                0x0001d468       0x30 d:/rt-threadstudio/repo/extract/toolchain_support_packages/arm/gnu_tools_for_arm_embedded_processors/5.4.1/bin/../lib/gcc/arm-none-eabi/5.4.1/../../../../arm-none-eabi/lib/armv7-ar/thumb/softfp\libc.a(lib_a-findfp.o)
                0x0001d468                __sfmoreglue
 .text.__sfp    0x0001d498       0x88 d:/rt-threadstudio/repo/extract/toolchain_support_packages/arm/gnu_tools_for_arm_embedded_processors/5.4.1/bin/../lib/gcc/arm-none-eabi/5.4.1/../../../../arm-none-eabi/lib/armv7-ar/thumb/softfp\libc.a(lib_a-findfp.o)
                0x0001d498                __sfp
 .text.__sinit  0x0001d520        0xc d:/rt-threadstudio/repo/extract/toolchain_support_packages/arm/gnu_tools_for_arm_embedded_processors/5.4.1/bin/../lib/gcc/arm-none-eabi/5.4.1/../../../../arm-none-eabi/lib/armv7-ar/thumb/softfp\libc.a(lib_a-findfp.o)
                0x0001d520                __sinit
 .text.__sfp_lock_acquire
                0x0001d52c        0x4 d:/rt-threadstudio/repo/extract/toolchain_support_packages/arm/gnu_tools_for_arm_embedded_processors/5.4.1/bin/../lib/gcc/arm-none-eabi/5.4.1/../../../../arm-none-eabi/lib/armv7-ar/thumb/softfp\libc.a(lib_a-findfp.o)
                0x0001d52c                __sfp_lock_acquire
 .text.__sfp_lock_release
                0x0001d530        0x4 d:/rt-threadstudio/repo/extract/toolchain_support_packages/arm/gnu_tools_for_arm_embedded_processors/5.4.1/bin/../lib/gcc/arm-none-eabi/5.4.1/../../../../arm-none-eabi/lib/armv7-ar/thumb/softfp\libc.a(lib_a-findfp.o)
                0x0001d530                __sfp_lock_release
 .text._fopen_r
                0x0001d534       0x94 d:/rt-threadstudio/repo/extract/toolchain_support_packages/arm/gnu_tools_for_arm_embedded_processors/5.4.1/bin/../lib/gcc/arm-none-eabi/5.4.1/../../../../arm-none-eabi/lib/armv7-ar/thumb/softfp\libc.a(lib_a-fopen.o)
                0x0001d534                _fopen_r
 .text.fopen    0x0001d5c8       0x14 d:/rt-threadstudio/repo/extract/toolchain_support_packages/arm/gnu_tools_for_arm_embedded_processors/5.4.1/bin/../lib/gcc/arm-none-eabi/5.4.1/../../../../arm-none-eabi/lib/armv7-ar/thumb/softfp\libc.a(lib_a-fopen.o)
                0x0001d5c8                fopen
 .text._fseek_r
                0x0001d5dc        0x4 d:/rt-threadstudio/repo/extract/toolchain_support_packages/arm/gnu_tools_for_arm_embedded_processors/5.4.1/bin/../lib/gcc/arm-none-eabi/5.4.1/../../../../arm-none-eabi/lib/armv7-ar/thumb/softfp\libc.a(lib_a-fseek.o)
                0x0001d5dc                _fseek_r
 .text._fseeko_r
                0x0001d5e0      0x2d4 d:/rt-threadstudio/repo/extract/toolchain_support_packages/arm/gnu_tools_for_arm_embedded_processors/5.4.1/bin/../lib/gcc/arm-none-eabi/5.4.1/../../../../arm-none-eabi/lib/armv7-ar/thumb/softfp\libc.a(lib_a-fseeko.o)
                0x0001d5e0                _fseeko_r
 .text._fwalk   0x0001d8b4       0x48 d:/rt-threadstudio/repo/extract/toolchain_support_packages/arm/gnu_tools_for_arm_embedded_processors/5.4.1/bin/../lib/gcc/arm-none-eabi/5.4.1/../../../../arm-none-eabi/lib/armv7-ar/thumb/softfp\libc.a(lib_a-fwalk.o)
                0x0001d8b4                _fwalk
 .text._fwalk_reent
                0x0001d8fc       0x50 d:/rt-threadstudio/repo/extract/toolchain_support_packages/arm/gnu_tools_for_arm_embedded_processors/5.4.1/bin/../lib/gcc/arm-none-eabi/5.4.1/../../../../arm-none-eabi/lib/armv7-ar/thumb/softfp\libc.a(lib_a-fwalk.o)
                0x0001d8fc                _fwalk_reent
 .text.getc     0x0001d94c       0x3c d:/rt-threadstudio/repo/extract/toolchain_support_packages/arm/gnu_tools_for_arm_embedded_processors/5.4.1/bin/../lib/gcc/arm-none-eabi/5.4.1/../../../../arm-none-eabi/lib/armv7-ar/thumb/softfp\libc.a(lib_a-getc.o)
                0x0001d94c                getc
 .text.__swhatbuf_r
                0x0001d988       0x60 d:/rt-threadstudio/repo/extract/toolchain_support_packages/arm/gnu_tools_for_arm_embedded_processors/5.4.1/bin/../lib/gcc/arm-none-eabi/5.4.1/../../../../arm-none-eabi/lib/armv7-ar/thumb/softfp\libc.a(lib_a-makebuf.o)
                0x0001d988                __swhatbuf_r
 .text.__smakebuf_r
                0x0001d9e8       0x90 d:/rt-threadstudio/repo/extract/toolchain_support_packages/arm/gnu_tools_for_arm_embedded_processors/5.4.1/bin/../lib/gcc/arm-none-eabi/5.4.1/../../../../arm-none-eabi/lib/armv7-ar/thumb/softfp\libc.a(lib_a-makebuf.o)
                0x0001d9e8                __smakebuf_r
 .text.memcmp   0x0001da78       0x60 d:/rt-threadstudio/repo/extract/toolchain_support_packages/arm/gnu_tools_for_arm_embedded_processors/5.4.1/bin/../lib/gcc/arm-none-eabi/5.4.1/../../../../arm-none-eabi/lib/armv7-ar/thumb/softfp\libc.a(lib_a-memcmp.o)
                0x0001da78                memcmp
 .text.memset   0x0001dad8       0xa4 d:/rt-threadstudio/repo/extract/toolchain_support_packages/arm/gnu_tools_for_arm_embedded_processors/5.4.1/bin/../lib/gcc/arm-none-eabi/5.4.1/../../../../arm-none-eabi/lib/armv7-ar/thumb/softfp\libc.a(lib_a-memset.o)
                0x0001dad8                memset
 .text.putenv   0x0001db7c       0x10 d:/rt-threadstudio/repo/extract/toolchain_support_packages/arm/gnu_tools_for_arm_embedded_processors/5.4.1/bin/../lib/gcc/arm-none-eabi/5.4.1/../../../../arm-none-eabi/lib/armv7-ar/thumb/softfp\libc.a(lib_a-putenv.o)
                0x0001db7c                putenv
 .text._putenv_r
                0x0001db8c       0x44 d:/rt-threadstudio/repo/extract/toolchain_support_packages/arm/gnu_tools_for_arm_embedded_processors/5.4.1/bin/../lib/gcc/arm-none-eabi/5.4.1/../../../../arm-none-eabi/lib/armv7-ar/thumb/softfp\libc.a(lib_a-putenv_r.o)
                0x0001db8c                _putenv_r
 .text._puts_r  0x0001dbd0       0x6c d:/rt-threadstudio/repo/extract/toolchain_support_packages/arm/gnu_tools_for_arm_embedded_processors/5.4.1/bin/../lib/gcc/arm-none-eabi/5.4.1/../../../../arm-none-eabi/lib/armv7-ar/thumb/softfp\libc.a(lib_a-puts.o)
                0x0001dbd0                _puts_r
 .text.puts     0x0001dc3c       0x10 d:/rt-threadstudio/repo/extract/toolchain_support_packages/arm/gnu_tools_for_arm_embedded_processors/5.4.1/bin/../lib/gcc/arm-none-eabi/5.4.1/../../../../arm-none-eabi/lib/armv7-ar/thumb/softfp\libc.a(lib_a-puts.o)
                0x0001dc3c                puts
 .text.lflush   0x0001dc4c       0x14 d:/rt-threadstudio/repo/extract/toolchain_support_packages/arm/gnu_tools_for_arm_embedded_processors/5.4.1/bin/../lib/gcc/arm-none-eabi/5.4.1/../../../../arm-none-eabi/lib/armv7-ar/thumb/softfp\libc.a(lib_a-refill.o)
 .text.__srefill_r
                0x0001dc60      0x11c d:/rt-threadstudio/repo/extract/toolchain_support_packages/arm/gnu_tools_for_arm_embedded_processors/5.4.1/bin/../lib/gcc/arm-none-eabi/5.4.1/../../../../arm-none-eabi/lib/armv7-ar/thumb/softfp\libc.a(lib_a-refill.o)
                0x0001dc60                __srefill_r
 .text.__srget_r
                0x0001dd7c       0x34 d:/rt-threadstudio/repo/extract/toolchain_support_packages/arm/gnu_tools_for_arm_embedded_processors/5.4.1/bin/../lib/gcc/arm-none-eabi/5.4.1/../../../../arm-none-eabi/lib/armv7-ar/thumb/softfp\libc.a(lib_a-rget.o)
                0x0001dd7c                __srget_r
 .text._setenv_r
                0x0001ddb0      0x188 d:/rt-threadstudio/repo/extract/toolchain_support_packages/arm/gnu_tools_for_arm_embedded_processors/5.4.1/bin/../lib/gcc/arm-none-eabi/5.4.1/../../../../arm-none-eabi/lib/armv7-ar/thumb/softfp\libc.a(lib_a-setenv_r.o)
                0x0001ddb0                _setenv_r
 .text.setvbuf  0x0001df38      0x154 d:/rt-threadstudio/repo/extract/toolchain_support_packages/arm/gnu_tools_for_arm_embedded_processors/5.4.1/bin/../lib/gcc/arm-none-eabi/5.4.1/../../../../arm-none-eabi/lib/armv7-ar/thumb/softfp\libc.a(lib_a-setvbuf.o)
                0x0001df38                setvbuf
 .text.snprintf
                0x0001e08c       0x8c d:/rt-threadstudio/repo/extract/toolchain_support_packages/arm/gnu_tools_for_arm_embedded_processors/5.4.1/bin/../lib/gcc/arm-none-eabi/5.4.1/../../../../arm-none-eabi/lib/armv7-ar/thumb/softfp\libc.a(lib_a-snprintf.o)
                0x0001e08c                snprintf
 .text.__sread  0x0001e118       0x24 d:/rt-threadstudio/repo/extract/toolchain_support_packages/arm/gnu_tools_for_arm_embedded_processors/5.4.1/bin/../lib/gcc/arm-none-eabi/5.4.1/../../../../arm-none-eabi/lib/armv7-ar/thumb/softfp\libc.a(lib_a-stdio.o)
                0x0001e118                __sread
 .text.__swrite
                0x0001e13c       0x3c d:/rt-threadstudio/repo/extract/toolchain_support_packages/arm/gnu_tools_for_arm_embedded_processors/5.4.1/bin/../lib/gcc/arm-none-eabi/5.4.1/../../../../arm-none-eabi/lib/armv7-ar/thumb/softfp\libc.a(lib_a-stdio.o)
                0x0001e13c                __swrite
 .text.__sseek  0x0001e178       0x20 d:/rt-threadstudio/repo/extract/toolchain_support_packages/arm/gnu_tools_for_arm_embedded_processors/5.4.1/bin/../lib/gcc/arm-none-eabi/5.4.1/../../../../arm-none-eabi/lib/armv7-ar/thumb/softfp\libc.a(lib_a-stdio.o)
                0x0001e178                __sseek
 .text.__sclose
                0x0001e198        0x8 d:/rt-threadstudio/repo/extract/toolchain_support_packages/arm/gnu_tools_for_arm_embedded_processors/5.4.1/bin/../lib/gcc/arm-none-eabi/5.4.1/../../../../arm-none-eabi/lib/armv7-ar/thumb/softfp\libc.a(lib_a-stdio.o)
                0x0001e198                __sclose
 .text.strchr   0x0001e1a0       0xec d:/rt-threadstudio/repo/extract/toolchain_support_packages/arm/gnu_tools_for_arm_embedded_processors/5.4.1/bin/../lib/gcc/arm-none-eabi/5.4.1/../../../../arm-none-eabi/lib/armv7-ar/thumb/softfp\libc.a(lib_a-strchr.o)
                0x0001e1a0                strchr
 .text.strcpy   0x0001e28c       0xbc d:/rt-threadstudio/repo/extract/toolchain_support_packages/arm/gnu_tools_for_arm_embedded_processors/5.4.1/bin/../lib/gcc/arm-none-eabi/5.4.1/../../../../arm-none-eabi/lib/armv7-ar/thumb/softfp\libc.a(lib_a-strcpy.o)
                0x0001e28c                strcpy
 .text._strdup_r
                0x0001e348       0x28 d:/rt-threadstudio/repo/extract/toolchain_support_packages/arm/gnu_tools_for_arm_embedded_processors/5.4.1/bin/../lib/gcc/arm-none-eabi/5.4.1/../../../../arm-none-eabi/lib/armv7-ar/thumb/softfp\libc.a(lib_a-strdup_r.o)
                0x0001e348                _strdup_r
 .text.strlen   0x0001e370       0x5c d:/rt-threadstudio/repo/extract/toolchain_support_packages/arm/gnu_tools_for_arm_embedded_processors/5.4.1/bin/../lib/gcc/arm-none-eabi/5.4.1/../../../../arm-none-eabi/lib/armv7-ar/thumb/softfp\libc.a(lib_a-strlen-stub.o)
                0x0001e370                strlen
 .text.strncmp  0x0001e3cc       0xa0 d:/rt-threadstudio/repo/extract/toolchain_support_packages/arm/gnu_tools_for_arm_embedded_processors/5.4.1/bin/../lib/gcc/arm-none-eabi/5.4.1/../../../../arm-none-eabi/lib/armv7-ar/thumb/softfp\libc.a(lib_a-strncmp.o)
                0x0001e3cc                strncmp
 .text.strncpy  0x0001e46c       0x70 d:/rt-threadstudio/repo/extract/toolchain_support_packages/arm/gnu_tools_for_arm_embedded_processors/5.4.1/bin/../lib/gcc/arm-none-eabi/5.4.1/../../../../arm-none-eabi/lib/armv7-ar/thumb/softfp\libc.a(lib_a-strncpy.o)
                0x0001e46c                strncpy
 .text.strrchr  0x0001e4dc       0x24 d:/rt-threadstudio/repo/extract/toolchain_support_packages/arm/gnu_tools_for_arm_embedded_processors/5.4.1/bin/../lib/gcc/arm-none-eabi/5.4.1/../../../../arm-none-eabi/lib/armv7-ar/thumb/softfp\libc.a(lib_a-strrchr.o)
                0x0001e4dc                strrchr
 .text.critical_factorization
                0x0001e500       0xb8 d:/rt-threadstudio/repo/extract/toolchain_support_packages/arm/gnu_tools_for_arm_embedded_processors/5.4.1/bin/../lib/gcc/arm-none-eabi/5.4.1/../../../../arm-none-eabi/lib/armv7-ar/thumb/softfp\libc.a(lib_a-strstr.o)
 .text.two_way_long_needle
                0x0001e5b8      0x214 d:/rt-threadstudio/repo/extract/toolchain_support_packages/arm/gnu_tools_for_arm_embedded_processors/5.4.1/bin/../lib/gcc/arm-none-eabi/5.4.1/../../../../arm-none-eabi/lib/armv7-ar/thumb/softfp\libc.a(lib_a-strstr.o)
 .text.strstr   0x0001e7cc      0x220 d:/rt-threadstudio/repo/extract/toolchain_support_packages/arm/gnu_tools_for_arm_embedded_processors/5.4.1/bin/../lib/gcc/arm-none-eabi/5.4.1/../../../../arm-none-eabi/lib/armv7-ar/thumb/softfp\libc.a(lib_a-strstr.o)
                0x0001e7cc                strstr
 .text._strtol_l.isra.0
                0x0001e9ec      0x144 d:/rt-threadstudio/repo/extract/toolchain_support_packages/arm/gnu_tools_for_arm_embedded_processors/5.4.1/bin/../lib/gcc/arm-none-eabi/5.4.1/../../../../arm-none-eabi/lib/armv7-ar/thumb/softfp\libc.a(lib_a-strtol.o)
 .text.strtol   0x0001eb30       0x30 d:/rt-threadstudio/repo/extract/toolchain_support_packages/arm/gnu_tools_for_arm_embedded_processors/5.4.1/bin/../lib/gcc/arm-none-eabi/5.4.1/../../../../arm-none-eabi/lib/armv7-ar/thumb/softfp\libc.a(lib_a-strtol.o)
                0x0001eb30                strtol
 .text._svfprintf_r
                0x0001eb60     0x1770 d:/rt-threadstudio/repo/extract/toolchain_support_packages/arm/gnu_tools_for_arm_embedded_processors/5.4.1/bin/../lib/gcc/arm-none-eabi/5.4.1/../../../../arm-none-eabi/lib/armv7-ar/thumb/softfp\libc.a(lib_a-svfprintf.o)
                0x0001eb60                _svfprintf_r
 .text.quorem   0x000202d0      0x140 d:/rt-threadstudio/repo/extract/toolchain_support_packages/arm/gnu_tools_for_arm_embedded_processors/5.4.1/bin/../lib/gcc/arm-none-eabi/5.4.1/../../../../arm-none-eabi/lib/armv7-ar/thumb/softfp\libc.a(lib_a-dtoa.o)
 .text._dtoa_r  0x00020410      0xd1c d:/rt-threadstudio/repo/extract/toolchain_support_packages/arm/gnu_tools_for_arm_embedded_processors/5.4.1/bin/../lib/gcc/arm-none-eabi/5.4.1/../../../../arm-none-eabi/lib/armv7-ar/thumb/softfp\libc.a(lib_a-dtoa.o)
                0x00020410                _dtoa_r
 .text.__env_lock
                0x0002112c        0x4 d:/rt-threadstudio/repo/extract/toolchain_support_packages/arm/gnu_tools_for_arm_embedded_processors/5.4.1/bin/../lib/gcc/arm-none-eabi/5.4.1/../../../../arm-none-eabi/lib/armv7-ar/thumb/softfp\libc.a(lib_a-envlock.o)
                0x0002112c                __env_lock
 .text.__env_unlock
                0x00021130        0x4 d:/rt-threadstudio/repo/extract/toolchain_support_packages/arm/gnu_tools_for_arm_embedded_processors/5.4.1/bin/../lib/gcc/arm-none-eabi/5.4.1/../../../../arm-none-eabi/lib/armv7-ar/thumb/softfp\libc.a(lib_a-envlock.o)
                0x00021130                __env_unlock
 .text.__sflags
                0x00021134       0x78 d:/rt-threadstudio/repo/extract/toolchain_support_packages/arm/gnu_tools_for_arm_embedded_processors/5.4.1/bin/../lib/gcc/arm-none-eabi/5.4.1/../../../../arm-none-eabi/lib/armv7-ar/thumb/softfp\libc.a(lib_a-flags.o)
                0x00021134                __sflags
 .text.__sfvwrite_r
                0x000211ac      0x324 d:/rt-threadstudio/repo/extract/toolchain_support_packages/arm/gnu_tools_for_arm_embedded_processors/5.4.1/bin/../lib/gcc/arm-none-eabi/5.4.1/../../../../arm-none-eabi/lib/armv7-ar/thumb/softfp\libc.a(lib_a-fvwrite.o)
                0x000211ac                __sfvwrite_r
 .text._findenv_r
                0x000214d0       0x88 d:/rt-threadstudio/repo/extract/toolchain_support_packages/arm/gnu_tools_for_arm_embedded_processors/5.4.1/bin/../lib/gcc/arm-none-eabi/5.4.1/../../../../arm-none-eabi/lib/armv7-ar/thumb/softfp\libc.a(lib_a-getenv_r.o)
                0x000214d0                _findenv_r
 .text.__locale_ctype_ptr_l
                0x00021558        0x8 d:/rt-threadstudio/repo/extract/toolchain_support_packages/arm/gnu_tools_for_arm_embedded_processors/5.4.1/bin/../lib/gcc/arm-none-eabi/5.4.1/../../../../arm-none-eabi/lib/armv7-ar/thumb/softfp\libc.a(lib_a-locale.o)
                0x00021558                __locale_ctype_ptr_l
 .text._localeconv_r
                0x00021560       0x20 d:/rt-threadstudio/repo/extract/toolchain_support_packages/arm/gnu_tools_for_arm_embedded_processors/5.4.1/bin/../lib/gcc/arm-none-eabi/5.4.1/../../../../arm-none-eabi/lib/armv7-ar/thumb/softfp\libc.a(lib_a-localeconv.o)
                0x00021560                _localeconv_r
 .text.malloc   0x00021580       0x10 d:/rt-threadstudio/repo/extract/toolchain_support_packages/arm/gnu_tools_for_arm_embedded_processors/5.4.1/bin/../lib/gcc/arm-none-eabi/5.4.1/../../../../arm-none-eabi/lib/armv7-ar/thumb/softfp\libc.a(lib_a-malloc.o)
                0x00021580                malloc
 .text.__ascii_mbtowc
                0x00021590       0x2c d:/rt-threadstudio/repo/extract/toolchain_support_packages/arm/gnu_tools_for_arm_embedded_processors/5.4.1/bin/../lib/gcc/arm-none-eabi/5.4.1/../../../../arm-none-eabi/lib/armv7-ar/thumb/softfp\libc.a(lib_a-mbtowc_r.o)
                0x00021590                __ascii_mbtowc
 .text.memchr   0x000215bc       0x8c d:/rt-threadstudio/repo/extract/toolchain_support_packages/arm/gnu_tools_for_arm_embedded_processors/5.4.1/bin/../lib/gcc/arm-none-eabi/5.4.1/../../../../arm-none-eabi/lib/armv7-ar/thumb/softfp\libc.a(lib_a-memchr-stub.o)
                0x000215bc                memchr
 .text.memmove  0x00021648       0xc4 d:/rt-threadstudio/repo/extract/toolchain_support_packages/arm/gnu_tools_for_arm_embedded_processors/5.4.1/bin/../lib/gcc/arm-none-eabi/5.4.1/../../../../arm-none-eabi/lib/armv7-ar/thumb/softfp\libc.a(lib_a-memmove.o)
                0x00021648                memmove
 .text._Balloc  0x0002170c       0x50 d:/rt-threadstudio/repo/extract/toolchain_support_packages/arm/gnu_tools_for_arm_embedded_processors/5.4.1/bin/../lib/gcc/arm-none-eabi/5.4.1/../../../../arm-none-eabi/lib/armv7-ar/thumb/softfp\libc.a(lib_a-mprec.o)
                0x0002170c                _Balloc
 .text._Bfree   0x0002175c       0x14 d:/rt-threadstudio/repo/extract/toolchain_support_packages/arm/gnu_tools_for_arm_embedded_processors/5.4.1/bin/../lib/gcc/arm-none-eabi/5.4.1/../../../../arm-none-eabi/lib/armv7-ar/thumb/softfp\libc.a(lib_a-mprec.o)
                0x0002175c                _Bfree
 .text.__multadd
                0x00021770       0x88 d:/rt-threadstudio/repo/extract/toolchain_support_packages/arm/gnu_tools_for_arm_embedded_processors/5.4.1/bin/../lib/gcc/arm-none-eabi/5.4.1/../../../../arm-none-eabi/lib/armv7-ar/thumb/softfp\libc.a(lib_a-mprec.o)
                0x00021770                __multadd
 .text.__hi0bits
                0x000217f8       0x40 d:/rt-threadstudio/repo/extract/toolchain_support_packages/arm/gnu_tools_for_arm_embedded_processors/5.4.1/bin/../lib/gcc/arm-none-eabi/5.4.1/../../../../arm-none-eabi/lib/armv7-ar/thumb/softfp\libc.a(lib_a-mprec.o)
                0x000217f8                __hi0bits
 .text.__lo0bits
                0x00021838       0x58 d:/rt-threadstudio/repo/extract/toolchain_support_packages/arm/gnu_tools_for_arm_embedded_processors/5.4.1/bin/../lib/gcc/arm-none-eabi/5.4.1/../../../../arm-none-eabi/lib/armv7-ar/thumb/softfp\libc.a(lib_a-mprec.o)
                0x00021838                __lo0bits
 .text.__i2b    0x00021890       0x14 d:/rt-threadstudio/repo/extract/toolchain_support_packages/arm/gnu_tools_for_arm_embedded_processors/5.4.1/bin/../lib/gcc/arm-none-eabi/5.4.1/../../../../arm-none-eabi/lib/armv7-ar/thumb/softfp\libc.a(lib_a-mprec.o)
                0x00021890                __i2b
 .text.__multiply
                0x000218a4      0x14c d:/rt-threadstudio/repo/extract/toolchain_support_packages/arm/gnu_tools_for_arm_embedded_processors/5.4.1/bin/../lib/gcc/arm-none-eabi/5.4.1/../../../../arm-none-eabi/lib/armv7-ar/thumb/softfp\libc.a(lib_a-mprec.o)
                0x000218a4                __multiply
 .text.__pow5mult
                0x000219f0       0xa4 d:/rt-threadstudio/repo/extract/toolchain_support_packages/arm/gnu_tools_for_arm_embedded_processors/5.4.1/bin/../lib/gcc/arm-none-eabi/5.4.1/../../../../arm-none-eabi/lib/armv7-ar/thumb/softfp\libc.a(lib_a-mprec.o)
                0x000219f0                __pow5mult
 .text.__lshift
                0x00021a94       0xb0 d:/rt-threadstudio/repo/extract/toolchain_support_packages/arm/gnu_tools_for_arm_embedded_processors/5.4.1/bin/../lib/gcc/arm-none-eabi/5.4.1/../../../../arm-none-eabi/lib/armv7-ar/thumb/softfp\libc.a(lib_a-mprec.o)
                0x00021a94                __lshift
 .text.__mcmp   0x00021b44       0x44 d:/rt-threadstudio/repo/extract/toolchain_support_packages/arm/gnu_tools_for_arm_embedded_processors/5.4.1/bin/../lib/gcc/arm-none-eabi/5.4.1/../../../../arm-none-eabi/lib/armv7-ar/thumb/softfp\libc.a(lib_a-mprec.o)
                0x00021b44                __mcmp
 .text.__mdiff  0x00021b88      0x124 d:/rt-threadstudio/repo/extract/toolchain_support_packages/arm/gnu_tools_for_arm_embedded_processors/5.4.1/bin/../lib/gcc/arm-none-eabi/5.4.1/../../../../arm-none-eabi/lib/armv7-ar/thumb/softfp\libc.a(lib_a-mprec.o)
                0x00021b88                __mdiff
 .text.__d2b    0x00021cac       0xb8 d:/rt-threadstudio/repo/extract/toolchain_support_packages/arm/gnu_tools_for_arm_embedded_processors/5.4.1/bin/../lib/gcc/arm-none-eabi/5.4.1/../../../../arm-none-eabi/lib/armv7-ar/thumb/softfp\libc.a(lib_a-mprec.o)
                0x00021cac                __d2b
 .text.__ssprint_r
                0x00021d64      0x108 d:/rt-threadstudio/repo/extract/toolchain_support_packages/arm/gnu_tools_for_arm_embedded_processors/5.4.1/bin/../lib/gcc/arm-none-eabi/5.4.1/../../../../arm-none-eabi/lib/armv7-ar/thumb/softfp\libc.a(lib_a-svfiprintf.o)
                0x00021d64                __ssprint_r
 .text.__ascii_wctomb
                0x00021e6c       0x18 d:/rt-threadstudio/repo/extract/toolchain_support_packages/arm/gnu_tools_for_arm_embedded_processors/5.4.1/bin/../lib/gcc/arm-none-eabi/5.4.1/../../../../arm-none-eabi/lib/armv7-ar/thumb/softfp\libc.a(lib_a-wctomb_r.o)
                0x00021e6c                __ascii_wctomb
 .text.__swsetup_r
                0x00021e84       0xc8 d:/rt-threadstudio/repo/extract/toolchain_support_packages/arm/gnu_tools_for_arm_embedded_processors/5.4.1/bin/../lib/gcc/arm-none-eabi/5.4.1/../../../../arm-none-eabi/lib/armv7-ar/thumb/softfp\libc.a(lib_a-wsetup.o)
                0x00021e84                __swsetup_r
 *fill*         0x00021f4c        0x4 00000000
 .text.__swsetup_r.__stub
                0x00021f50       0x18 linker stubs
                0x00021f68                __rodata_start = .
 *(.rodata)
 .rodata        0x00021f68       0x2c ./rt-thread/src/components.o
 .rodata        0x00021f94      0x1de ./rt-thread/src/device.o
 *fill*         0x00022172        0x2 00000000
 .rodata        0x00022174       0x47 ./rt-thread/src/idle.o
 *fill*         0x000221bb        0x1 00000000
 .rodata        0x000221bc      0x6ce ./rt-thread/src/ipc.o
 *fill*         0x0002288a        0x2 00000000
 .rodata        0x0002288c      0x1fd ./rt-thread/src/kservice.o
                0x0002292c                __lowest_bit_bitmap
 *fill*         0x00022a89        0x3 00000000
 .rodata        0x00022a8c      0x33c ./rt-thread/src/mem.o
 .rodata        0x00022dc8      0x11f ./rt-thread/src/object.o
 *fill*         0x00022ee7        0x1 00000000
 .rodata        0x00022ee8       0xba ./rt-thread/src/scheduler.o
 *fill*         0x00022fa2        0x2 00000000
 .rodata        0x00022fa4      0x272 ./rt-thread/src/thread.o
 *fill*         0x00023216        0x2 00000000
 .rodata        0x00023218      0x139 ./rt-thread/src/timer.o
 *fill*         0x00023351        0x3 00000000
 .rodata        0x00023354        0xd ./rt-thread/libcpu/arm/am335x/cpu.o
 *fill*         0x00023361        0x3 00000000
 .rodata        0x00023364       0x23 ./rt-thread/libcpu/arm/am335x/interrupt.o
 *fill*         0x00023387        0x1 00000000
 .rodata        0x00023388      0x160 ./rt-thread/libcpu/arm/am335x/trap.o
 .rodata        0x000234e8       0x17 ./rt-thread/components/libc/compilers/gcc/newlib/libc.o
 *fill*         0x000234ff        0x1 00000000
 .rodata        0x00023500       0x13 ./rt-thread/components/libc/compilers/gcc/newlib/stdio.o
 *fill*         0x00023513        0x1 00000000
 .rodata        0x00023514       0x93 ./rt-thread/components/libc/compilers/gcc/newlib/syscalls.o
 *fill*         0x000235a7        0x1 00000000
 .rodata        0x000235a8       0x2e ./rt-thread/components/libc/compilers/common/stdlib.o
 *fill*         0x000235d6        0x2 00000000
 .rodata        0x000235d8      0x6c9 ./rt-thread/components/finsh/cmd.o
 *fill*         0x00023ca1        0x3 00000000
 .rodata        0x00023ca4       0x8a ./rt-thread/components/finsh/msh.o
 *fill*         0x00023d2e        0x2 00000000
 .rodata        0x00023d30      0x496 ./rt-thread/components/finsh/msh_file.o
 *fill*         0x000241c6        0x2 00000000
 .rodata        0x000241c8       0xc3 ./rt-thread/components/finsh/shell.o
 *fill*         0x0002428b        0x1 00000000
 .rodata        0x0002428c       0xaf ./rt-thread/components/drivers/src/completion.o
 *fill*         0x0002433b        0x1 00000000
 .rodata        0x0002433c      0x11e ./rt-thread/components/drivers/src/dataqueue.o
 *fill*         0x0002445a        0x2 00000000
 .rodata        0x0002445c       0x3b ./rt-thread/components/drivers/src/waitqueue.o
 *fill*         0x00024497        0x1 00000000
 .rodata        0x00024498      0x16b ./rt-thread/components/drivers/src/workqueue.o
 *fill*         0x00024603        0x1 00000000
 .rodata        0x00024604      0x38d ./rt-thread/components/drivers/serial/serial.o
 *fill*         0x00024991        0x3 00000000
 .rodata        0x00024994      0x16b ./rt-thread/components/dfs/src/dfs.o
 *fill*         0x00024aff        0x1 00000000
 .rodata        0x00024b00      0x1d8 ./rt-thread/components/dfs/src/dfs_file.o
 .rodata        0x00024cd8      0x201 ./rt-thread/components/dfs/src/dfs_fs.o
 *fill*         0x00024ed9        0x3 00000000
 .rodata        0x00024edc        0x4 ./rt-thread/components/dfs/src/dfs_posix.o
 .rodata        0x00024ee0      0x123 ./rt-thread/components/dfs/filesystems/devfs/devfs.o
 *fill*         0x00025003        0x1 00000000
 .rodata        0x00025004        0xd ./drivers/board.o
 *fill*         0x00025011        0x3 00000000
 .rodata        0x00025014       0x19 ./drivers/drv_uart.o
 *fill*         0x0002502d        0x3 00000000
 .rodata        0x00025030       0x10 ./applications/main.o
 .rodata        0x00025040       0x60 ./HALCoGen/source/sys_vim.o
 *(.rodata.*)
 .rodata.name   0x000250a0      0x1e4 ./rt-thread/components/finsh/cmd.o
                0x000250a0                __fsym_hello_name
                0x000250a8                __fsym_hello_desc
                0x000250b8                __fsym_clear_name
                0x000250c0                __fsym_clear_desc
                0x000250dc                __fsym_version_name
                0x000250e4                __fsym_version_desc
                0x0002510c                __fsym_list_thread_name
                0x00025118                __fsym_list_thread_desc
                0x00025124                __fsym_list_sem_name
                0x00025130                __fsym_list_sem_desc
                0x0002514c                __fsym_list_event_name
                0x00025158                __fsym_list_event_desc
                0x00025170                __fsym_list_mutex_name
                0x0002517c                __fsym_list_mutex_desc
                0x00025194                __fsym_list_mailbox_name
                0x000251a4                __fsym_list_mailbox_desc
                0x000251bc                __fsym_list_msgqueue_name
                0x000251cc                __fsym_list_msgqueue_desc
                0x000251ec                __fsym_list_mempool_name
                0x000251fc                __fsym_list_mempool_desc
                0x00025218                __fsym_list_timer_name
                0x00025224                __fsym_list_timer_desc
                0x0002523c                __fsym_list_device_name
                0x00025248                __fsym_list_device_desc
                0x00025260                __fsym_list_name
                0x00025268                __fsym_list_desc
 .rodata.name   0x00025284       0x6d ./rt-thread/components/finsh/msh.o
                0x00025284                __fsym_help_name
                0x0002528c                __fsym_help_desc
                0x000252a4                __fsym_ps_name
                0x000252a8                __fsym_ps_desc
                0x000252c4                __fsym_free_name
                0x000252cc                __fsym_free_desc
 *fill*         0x000252f1        0x3 00000000
 .rodata.name   0x000252f4      0x1fc ./rt-thread/components/finsh/msh_file.o
                0x000252f4                __fsym_ls_name
                0x000252f8                __fsym_ls_desc
                0x0002531c                __fsym_cp_name
                0x00025320                __fsym_cp_desc
                0x00025338                __fsym_mv_name
                0x0002533c                __fsym_mv_desc
                0x00025354                __fsym_cat_name
                0x00025358                __fsym_cat_desc
                0x0002536c                __fsym_rm_name
                0x00025370                __fsym_rm_desc
                0x0002538c                __fsym_cd_name
                0x00025390                __fsym_cd_desc
                0x000253b4                __fsym_pwd_name
                0x000253b8                __fsym_pwd_desc
                0x000253ec                __fsym_mkdir_name
                0x000253f4                __fsym_mkdir_desc
                0x0002540c                __fsym_mkfs_name
                0x00025414                __fsym_mkfs_desc
                0x00025434                __fsym_mount_name
                0x0002543c                __fsym_mount_desc
                0x00025464                __fsym_umount_name
                0x0002546c                __fsym_umount_desc
                0x0002548c                __fsym_df_name
                0x00025490                __fsym_df_desc
                0x0002549c                __fsym_echo_name
                0x000254a4                __fsym_echo_desc
                0x000254b8                __fsym_tail_name
                0x000254c0                __fsym_tail_desc
 .rodata.name   0x000254f0       0x1d ./rt-thread/components/dfs/src/dfs.o
                0x000254f0                __fsym_list_fd_name
                0x000254f8                __fsym_list_fd_desc
 *fill*         0x0002550d        0x3 00000000
 .rodata._global_impure_ptr
                0x00025510        0x4 d:/rt-threadstudio/repo/extract/toolchain_support_packages/arm/gnu_tools_for_arm_embedded_processors/5.4.1/bin/../lib/gcc/arm-none-eabi/5.4.1/../../../../arm-none-eabi/lib/armv7-ar/thumb/softfp\libc.a(lib_a-impure.o)
                0x00025510                _global_impure_ptr
 .rodata.str1.4
                0x00025514        0x2 d:/rt-threadstudio/repo/extract/toolchain_support_packages/arm/gnu_tools_for_arm_embedded_processors/5.4.1/bin/../lib/gcc/arm-none-eabi/5.4.1/../../../../arm-none-eabi/lib/armv7-ar/thumb/softfp\libc.a(lib_a-puts.o)
 *fill*         0x00025516        0x2 00000000
 .rodata.zeroes.7258
                0x00025518       0x10 d:/rt-threadstudio/repo/extract/toolchain_support_packages/arm/gnu_tools_for_arm_embedded_processors/5.4.1/bin/../lib/gcc/arm-none-eabi/5.4.1/../../../../arm-none-eabi/lib/armv7-ar/thumb/softfp\libc.a(lib_a-svfprintf.o)
 .rodata.str1.4
                0x00025528       0x42 d:/rt-threadstudio/repo/extract/toolchain_support_packages/arm/gnu_tools_for_arm_embedded_processors/5.4.1/bin/../lib/gcc/arm-none-eabi/5.4.1/../../../../arm-none-eabi/lib/armv7-ar/thumb/softfp\libc.a(lib_a-svfprintf.o)
 *fill*         0x0002556a        0x2 00000000
 .rodata.blanks.7257
                0x0002556c       0x10 d:/rt-threadstudio/repo/extract/toolchain_support_packages/arm/gnu_tools_for_arm_embedded_processors/5.4.1/bin/../lib/gcc/arm-none-eabi/5.4.1/../../../../arm-none-eabi/lib/armv7-ar/thumb/softfp\libc.a(lib_a-svfprintf.o)
 .rodata.str1.4
                0x0002557c       0x10 d:/rt-threadstudio/repo/extract/toolchain_support_packages/arm/gnu_tools_for_arm_embedded_processors/5.4.1/bin/../lib/gcc/arm-none-eabi/5.4.1/../../../../arm-none-eabi/lib/armv7-ar/thumb/softfp\libc.a(lib_a-dtoa.o)
                                 0x12 (size before relaxing)
 .rodata.str1.4
                0x0002558c       0x10 d:/rt-threadstudio/repo/extract/toolchain_support_packages/arm/gnu_tools_for_arm_embedded_processors/5.4.1/bin/../lib/gcc/arm-none-eabi/5.4.1/../../../../arm-none-eabi/lib/armv7-ar/thumb/softfp\libc.a(lib_a-locale.o)
                                 0x12 (size before relaxing)
 *fill*         0x0002559c        0x4 00000000
 .rodata.__mprec_tens
                0x000255a0       0xc8 d:/rt-threadstudio/repo/extract/toolchain_support_packages/arm/gnu_tools_for_arm_embedded_processors/5.4.1/bin/../lib/gcc/arm-none-eabi/5.4.1/../../../../arm-none-eabi/lib/armv7-ar/thumb/softfp\libc.a(lib_a-mprec.o)
                0x000255a0                __mprec_tens
 .rodata.__mprec_bigtens
                0x00025668       0x28 d:/rt-threadstudio/repo/extract/toolchain_support_packages/arm/gnu_tools_for_arm_embedded_processors/5.4.1/bin/../lib/gcc/arm-none-eabi/5.4.1/../../../../arm-none-eabi/lib/armv7-ar/thumb/softfp\libc.a(lib_a-mprec.o)
                0x00025668                __mprec_bigtens
 .rodata.p05.6087
                0x00025690        0xc d:/rt-threadstudio/repo/extract/toolchain_support_packages/arm/gnu_tools_for_arm_embedded_processors/5.4.1/bin/../lib/gcc/arm-none-eabi/5.4.1/../../../../arm-none-eabi/lib/armv7-ar/thumb/softfp\libc.a(lib_a-mprec.o)
 .rodata._ctype_
                0x0002569c      0x101 d:/rt-threadstudio/repo/extract/toolchain_support_packages/arm/gnu_tools_for_arm_embedded_processors/5.4.1/bin/../lib/gcc/arm-none-eabi/5.4.1/../../../../arm-none-eabi/lib/armv7-ar/thumb/softfp\libc.a(lib_a-ctype_.o)
                0x0002569c                _ctype_
                0x0002579d                __rodata_end = .
 *(.glue_7)
 .glue_7        0x0002579d        0x0 linker stubs
 *(.glue_7t)
 .glue_7t       0x0002579d        0x0 linker stubs
 *(.vfp11_veneer)
 .vfp11_veneer  0x0002579d        0x0 linker stubs
 *(.v4_bx)
 .v4_bx         0x0002579d        0x0 linker stubs
 *(.gnu.linkonce.t*)
                0x000257a0                . = ALIGN (0x4)
 *fill*         0x0002579d        0x3 00000000
                0x000257a0                __fsymtab_start = .
 *(FSymTab)
 FSymTab        0x000257a0       0x9c ./rt-thread/components/finsh/cmd.o
                0x000257a0                __fsym_hello
                0x000257ac                __fsym_clear
                0x000257b8                __fsym_version
                0x000257c4                __fsym_list_thread
                0x000257d0                __fsym_list_sem
                0x000257dc                __fsym_list_event
                0x000257e8                __fsym_list_mutex
                0x000257f4                __fsym_list_mailbox
                0x00025800                __fsym_list_msgqueue
                0x0002580c                __fsym_list_mempool
                0x00025818                __fsym_list_timer
                0x00025824                __fsym_list_device
                0x00025830                __fsym_list
 FSymTab        0x0002583c       0x24 ./rt-thread/components/finsh/msh.o
                0x0002583c                __fsym_help
                0x00025848                __fsym_ps
                0x00025854                __fsym_free
 FSymTab        0x00025860       0xa8 ./rt-thread/components/finsh/msh_file.o
                0x00025860                __fsym_ls
                0x0002586c                __fsym_cp
                0x00025878                __fsym_mv
                0x00025884                __fsym_cat
                0x00025890                __fsym_rm
                0x0002589c                __fsym_cd
                0x000258a8                __fsym_pwd
                0x000258b4                __fsym_mkdir
                0x000258c0                __fsym_mkfs
                0x000258cc                __fsym_mount
                0x000258d8                __fsym_umount
                0x000258e4                __fsym_df
                0x000258f0                __fsym_echo
                0x000258fc                __fsym_tail
 FSymTab        0x00025908        0xc ./rt-thread/components/dfs/src/dfs.o
                0x00025908                __fsym_list_fd
                0x00025914                __fsymtab_end = .
                0x00025914                . = ALIGN (0x4)
                0x00025914                __vsymtab_start = .
 *(VSymTab)
                0x00025914                __vsymtab_end = .
                0x00025914                . = ALIGN (0x4)
                0x00025914                . = ALIGN (0x4)
                0x00025914                __rtmsymtab_start = .
 *(RTMSymTab)
                0x00025914                __rtmsymtab_end = .
                0x00025914                . = ALIGN (0x4)
                0x00025914                __rt_init_start = .
 *(SORT(.rti_fn*))
 .rti_fn.0      0x00025914        0x4 ./rt-thread/src/components.o
                0x00025914                __rt_init_rti_start
 .rti_fn.0.end  0x00025918        0x4 ./rt-thread/src/components.o
                0x00025918                __rt_init_rti_board_start
 .rti_fn.1.end  0x0002591c        0x4 ./rt-thread/src/components.o
                0x0002591c                __rt_init_rti_board_end
 .rti_fn.2      0x00025920        0x4 ./rt-thread/components/drivers/src/workqueue.o
                0x00025920                __rt_init_rt_work_sys_workqueue_init
 .rti_fn.2      0x00025924        0x4 ./rt-thread/components/dfs/src/dfs.o
                0x00025924                __rt_init_dfs_init
 .rti_fn.4      0x00025928        0x4 ./rt-thread/components/libc/compilers/gcc/newlib/libc.o
                0x00025928                __rt_init_libc_system_init
 .rti_fn.6      0x0002592c        0x4 ./rt-thread/components/finsh/shell.o
                0x0002592c                __rt_init_finsh_system_init
 .rti_fn.6.end  0x00025930        0x4 ./rt-thread/src/components.o
                0x00025930                __rt_init_rti_end
                0x00025934                __rt_init_end = .
                0x00025934                __text_end = .

.init           0x00025934        0x4
 .init          0x00025934        0x4 d:/rt-threadstudio/repo/extract/toolchain_support_packages/arm/gnu_tools_for_arm_embedded_processors/5.4.1/bin/../lib/gcc/arm-none-eabi/5.4.1/armv7-ar/thumb/softfp/crti.o
                0x00025934                _init

.fini           0x00025938        0x4
 .fini          0x00025938        0x4 d:/rt-threadstudio/repo/extract/toolchain_support_packages/arm/gnu_tools_for_arm_embedded_processors/5.4.1/bin/../lib/gcc/arm-none-eabi/5.4.1/armv7-ar/thumb/softfp/crti.o
                0x00025938                _fini

.iplt           0x0002593c        0x0
 .iplt          0x0002593c        0x0 d:/rt-threadstudio/repo/extract/toolchain_support_packages/arm/gnu_tools_for_arm_embedded_processors/5.4.1/bin/../lib/gcc/arm-none-eabi/5.4.1/armv7-ar/thumb/softfp/crtbegin.o
                0x0002593c                . = ALIGN (0x4)

.ctors          0x0002593c        0x0
                0x0002593c                PROVIDE (__ctors_start__, .)
 *(SORT(.ctors.*))
 *(.ctors)
                0x0002593c                PROVIDE (__ctors_end__, .)

.dtors          0x0002593c        0x0
                [!provide]                PROVIDE (__dtors_start__, .)
 *(SORT(.dtors.*))
 *(.dtors)
                [!provide]                PROVIDE (__dtors_end__, .)
                0x0002593c                _sidata = .
                0x0002593c                __exidx_start = .

.ARM.exidx      0x0002593c        0x8
 *(.ARM.exidx* .gnu.linkonce.armexidx.*)
 .ARM.exidx     0x0002593c        0x8 d:/rt-threadstudio/repo/extract/toolchain_support_packages/arm/gnu_tools_for_arm_embedded_processors/5.4.1/bin/../lib/gcc/arm-none-eabi/5.4.1/armv7-ar/thumb/softfp\libgcc.a(_udivmoddi4.o)
                0x00025944                _sidata = .
                0x00025944                __exidx_end = .

.rel.dyn        0x00025944        0x0
 .rel.iplt      0x00025944        0x0 d:/rt-threadstudio/repo/extract/toolchain_support_packages/arm/gnu_tools_for_arm_embedded_processors/5.4.1/bin/../lib/gcc/arm-none-eabi/5.4.1/armv7-ar/thumb/softfp/crtbegin.o

.data           0x08000000      0x734 load address 0x00025944
                0x08000000                . = ALIGN (0x4)
                0x08000000                _sdata = .
 *(.data)
 .data          0x08000000        0x8 ./rt-thread/src/idle.o
 .data          0x08000008       0x90 ./rt-thread/src/object.o
 .data          0x08000098      0x100 ./rt-thread/components/dfs/src/dfs.o
                0x08000098                working_directory
 *(.data.*)
 .data.impure_data
                0x08000198      0x428 d:/rt-threadstudio/repo/extract/toolchain_support_packages/arm/gnu_tools_for_arm_embedded_processors/5.4.1/bin/../lib/gcc/arm-none-eabi/5.4.1/../../../../arm-none-eabi/lib/armv7-ar/thumb/softfp\libc.a(lib_a-impure.o)
 .data._impure_ptr
                0x080005c0        0x4 d:/rt-threadstudio/repo/extract/toolchain_support_packages/arm/gnu_tools_for_arm_embedded_processors/5.4.1/bin/../lib/gcc/arm-none-eabi/5.4.1/../../../../arm-none-eabi/lib/armv7-ar/thumb/softfp\libc.a(lib_a-impure.o)
                0x080005c0                _impure_ptr
 .data.environ  0x080005c4        0x4 d:/rt-threadstudio/repo/extract/toolchain_support_packages/arm/gnu_tools_for_arm_embedded_processors/5.4.1/bin/../lib/gcc/arm-none-eabi/5.4.1/../../../../arm-none-eabi/lib/armv7-ar/thumb/softfp\libc.a(lib_a-environ.o)
                0x080005c4                environ
 .data.__global_locale
                0x080005c8      0x16c d:/rt-threadstudio/repo/extract/toolchain_support_packages/arm/gnu_tools_for_arm_embedded_processors/5.4.1/bin/../lib/gcc/arm-none-eabi/5.4.1/../../../../arm-none-eabi/lib/armv7-ar/thumb/softfp\libc.a(lib_a-locale.o)
                0x080005c8                __global_locale
 *(.gnu.linkonce.d*)
                0x08000734                . = ALIGN (0x4)
                0x08000734                _edata = .
                0x08000734                __data_end = .
                0x08000734                __noinit_start = .

.igot.plt       0x08000734        0x0 load address 0x00026078
 .igot.plt      0x08000734        0x0 d:/rt-threadstudio/repo/extract/toolchain_support_packages/arm/gnu_tools_for_arm_embedded_processors/5.4.1/bin/../lib/gcc/arm-none-eabi/5.4.1/armv7-ar/thumb/softfp/crtbegin.o

.noinit         0x08000738     0x2000 load address 0x00026080
                0x08000738                . = ALIGN (0x4)
 *(.bss.noinit)
 .bss.noinit    0x08000738     0x2000 ./rt-thread/libcpu/arm/am335x/start_gcc.o
                0x08000738                stack_start
                0x08002738                stack_top
                0x08002738                __noinit_stop = .
                0x08002738                __bss_start = .

.bss            0x08002738      0x950 load address 0x00028080
                0x08002738                . = ALIGN (0x4)
                0x08002738                _sbss = .
 *(.bss)
 .bss           0x08002738        0x4 ./rt-thread/src/clock.o
 .bss           0x0800273c      0x190 ./rt-thread/src/idle.o
 .bss           0x080028cc        0x9 ./rt-thread/src/irq.o
                0x080028d4                rt_interrupt_nest
 *fill*         0x080028d5        0x3 
 .bss           0x080028d8       0x88 ./rt-thread/src/kservice.o
 .bss           0x08002960       0x40 ./rt-thread/src/mem.o
 .bss           0x080029a0        0x8 ./rt-thread/src/object.o
 .bss           0x080029a8       0x10 ./rt-thread/src/scheduler.o
                0x080029ac                rt_current_thread
 .bss           0x080029b8        0xc ./rt-thread/src/thread.o
 .bss           0x080029c4       0x14 ./rt-thread/src/timer.o
 .bss           0x080029d8        0x4 ./rt-thread/components/libc/compilers/gcc/newlib/stdio.o
 .bss           0x080029dc       0x8d ./rt-thread/components/finsh/shell.o
                0x080029dc                _syscall_table_begin
                0x080029e0                _syscall_table_end
 *fill*         0x08002a69        0x3 
 .bss           0x08002a6c        0x4 ./rt-thread/components/drivers/src/workqueue.o
 .bss           0x08002a70        0x4 ./rt-thread/components/drivers/serial/serial.o
 .bss           0x08002a74       0x30 ./rt-thread/components/dfs/src/dfs.o
 .bss           0x08002aa4      0x128 ./rt-thread/components/dfs/src/dfs_file.o
 .bss           0x08002bcc       0x64 ./drivers/drv_uart.o
 *(.bss.*)
 .bss.alloced.4731
                0x08002c30        0x4 d:/rt-threadstudio/repo/extract/toolchain_support_packages/arm/gnu_tools_for_arm_embedded_processors/5.4.1/bin/../lib/gcc/arm-none-eabi/5.4.1/../../../../arm-none-eabi/lib/armv7-ar/thumb/softfp\libc.a(lib_a-setenv_r.o)
 .bss.initial_env
                0x08002c34        0x4 d:/rt-threadstudio/repo/extract/toolchain_support_packages/arm/gnu_tools_for_arm_embedded_processors/5.4.1/bin/../lib/gcc/arm-none-eabi/5.4.1/../../../../arm-none-eabi/lib/armv7-ar/thumb/softfp\libc.a(lib_a-environ.o)
 *(COMMON)
 COMMON         0x08002c38        0x4 ./rt-thread/src/kservice.o
                0x08002c38                rt_assert_hook
 COMMON         0x08002c3c        0xc ./rt-thread/src/object.o
                0x08002c3c                rt_object_put_hook
                0x08002c40                rt_object_take_hook
                0x08002c44                rt_object_trytake_hook
 COMMON         0x08002c48      0x108 ./rt-thread/src/scheduler.o
                0x08002c48                rt_thread_priority_table
                0x08002d48                rt_current_priority
                0x08002d4c                rt_thread_ready_priority_group
 COMMON         0x08002d50      0x30c ./rt-thread/libcpu/arm/am335x/interrupt.o
                0x08002d50                rt_interrupt_to_thread
                0x08002d54                rt_interrupt_from_thread
                0x08002d58                rt_thread_switch_interrupt_flag
                0x08002d5c                irq_desc
 COMMON         0x0800305c        0x4 ./rt-thread/components/finsh/shell.o
                0x0800305c                shell
 COMMON         0x08003060       0x28 ./rt-thread/components/dfs/src/dfs.o
                0x08003060                filesystem_table
                0x08003080                filesystem_operation_table
                0x08003088                . = ALIGN (0x4)
                0x08003088                _ebss = .
                0x08003088                __bss_end = .
                0x08003088                _end = .
OUTPUT(rtthread.elf elf32-littlearm)

.ARM.attributes
                0x00000000       0x2b
 .ARM.attributes
                0x00000000       0x1b d:/rt-threadstudio/repo/extract/toolchain_support_packages/arm/gnu_tools_for_arm_embedded_processors/5.4.1/bin/../lib/gcc/arm-none-eabi/5.4.1/armv7-ar/thumb/softfp/crti.o
 .ARM.attributes
                0x0000001b       0x2d ./rt-thread/src/clock.o
 .ARM.attributes
                0x00000048       0x2d ./rt-thread/src/components.o
 .ARM.attributes
                0x00000075       0x2d ./rt-thread/src/device.o
 .ARM.attributes
                0x000000a2       0x2d ./rt-thread/src/idle.o
 .ARM.attributes
                0x000000cf       0x2d ./rt-thread/src/ipc.o
 .ARM.attributes
                0x000000fc       0x2d ./rt-thread/src/irq.o
 .ARM.attributes
                0x00000129       0x2d ./rt-thread/src/kservice.o
 .ARM.attributes
                0x00000156       0x2d ./rt-thread/src/mem.o
 .ARM.attributes
                0x00000183       0x2d ./rt-thread/src/object.o
 .ARM.attributes
                0x000001b0       0x2d ./rt-thread/src/scheduler.o
 .ARM.attributes
                0x000001dd       0x2d ./rt-thread/src/thread.o
 .ARM.attributes
                0x0000020a       0x2d ./rt-thread/src/timer.o
 .ARM.attributes
                0x00000237       0x1f ./rt-thread/libcpu/arm/am335x/context_gcc.o
 .ARM.attributes
                0x00000256       0x2d ./rt-thread/libcpu/arm/am335x/cpu.o
 .ARM.attributes
                0x00000283       0x2d ./rt-thread/libcpu/arm/am335x/interrupt.o
 .ARM.attributes
                0x000002b0       0x2d ./rt-thread/libcpu/arm/am335x/stack.o
 .ARM.attributes
                0x000002dd       0x1f ./rt-thread/libcpu/arm/am335x/start_gcc.o
 .ARM.attributes
                0x000002fc       0x2d ./rt-thread/libcpu/arm/am335x/trap.o
 .ARM.attributes
                0x00000329       0x1f ./rt-thread/libcpu/arm/am335x/vector_gcc.o
 .ARM.attributes
                0x00000348       0x2d ./rt-thread/components/libc/compilers/gcc/newlib/libc.o
 .ARM.attributes
                0x00000375       0x2d ./rt-thread/components/libc/compilers/gcc/newlib/stdio.o
 .ARM.attributes
                0x000003a2       0x2d ./rt-thread/components/libc/compilers/gcc/newlib/syscalls.o
 .ARM.attributes
                0x000003cf       0x2d ./rt-thread/components/libc/compilers/common/stdlib.o
 .ARM.attributes
                0x000003fc       0x2d ./rt-thread/components/finsh/cmd.o
 .ARM.attributes
                0x00000429       0x2d ./rt-thread/components/finsh/msh.o
 .ARM.attributes
                0x00000456       0x2d ./rt-thread/components/finsh/msh_file.o
 .ARM.attributes
                0x00000483       0x2d ./rt-thread/components/finsh/shell.o
 .ARM.attributes
                0x000004b0       0x2d ./rt-thread/components/drivers/src/completion.o
 .ARM.attributes
                0x000004dd       0x2d ./rt-thread/components/drivers/src/dataqueue.o
 .ARM.attributes
                0x0000050a       0x2d ./rt-thread/components/drivers/src/waitqueue.o
 .ARM.attributes
                0x00000537       0x2d ./rt-thread/components/drivers/src/workqueue.o
 .ARM.attributes
                0x00000564       0x2d ./rt-thread/components/drivers/serial/serial.o
 .ARM.attributes
                0x00000591       0x2d ./rt-thread/components/dfs/src/dfs.o
 .ARM.attributes
                0x000005be       0x2d ./rt-thread/components/dfs/src/dfs_file.o
 .ARM.attributes
                0x000005eb       0x2d ./rt-thread/components/dfs/src/dfs_fs.o
 .ARM.attributes
                0x00000618       0x2d ./rt-thread/components/dfs/src/dfs_posix.o
 .ARM.attributes
                0x00000645       0x2d ./rt-thread/components/dfs/filesystems/devfs/devfs.o
 .ARM.attributes
                0x00000672       0x2d ./drivers/board.o
 .ARM.attributes
                0x0000069f       0x2d ./drivers/drv_uart.o
 .ARM.attributes
                0x000006cc       0x2d ./applications/main.o
 .ARM.attributes
                0x000006f9       0x2d ./HALCoGen/source/rti.o
 .ARM.attributes
                0x00000726       0x2d ./HALCoGen/source/sys_startup.o
 .ARM.attributes
                0x00000753       0x2d ./HALCoGen/source/sys_vim.o
 .ARM.attributes
                0x00000780       0x2d ./HALCoGen/source/system.o
 .ARM.attributes
                0x000007ad       0x2b d:/rt-threadstudio/repo/extract/toolchain_support_packages/arm/gnu_tools_for_arm_embedded_processors/5.4.1/bin/../lib/gcc/arm-none-eabi/5.4.1/../../../../arm-none-eabi/lib/armv7-ar/thumb/softfp\libc.a(lib_a-atoi.o)
 .ARM.attributes
                0x000007d8       0x2b d:/rt-threadstudio/repo/extract/toolchain_support_packages/arm/gnu_tools_for_arm_embedded_processors/5.4.1/bin/../lib/gcc/arm-none-eabi/5.4.1/../../../../arm-none-eabi/lib/armv7-ar/thumb/softfp\libc.a(lib_a-fclose.o)
 .ARM.attributes
                0x00000803       0x2b d:/rt-threadstudio/repo/extract/toolchain_support_packages/arm/gnu_tools_for_arm_embedded_processors/5.4.1/bin/../lib/gcc/arm-none-eabi/5.4.1/../../../../arm-none-eabi/lib/armv7-ar/thumb/softfp\libc.a(lib_a-fflush.o)
 .ARM.attributes
                0x0000082e       0x2b d:/rt-threadstudio/repo/extract/toolchain_support_packages/arm/gnu_tools_for_arm_embedded_processors/5.4.1/bin/../lib/gcc/arm-none-eabi/5.4.1/../../../../arm-none-eabi/lib/armv7-ar/thumb/softfp\libc.a(lib_a-fileno.o)
 .ARM.attributes
                0x00000859       0x2b d:/rt-threadstudio/repo/extract/toolchain_support_packages/arm/gnu_tools_for_arm_embedded_processors/5.4.1/bin/../lib/gcc/arm-none-eabi/5.4.1/../../../../arm-none-eabi/lib/armv7-ar/thumb/softfp\libc.a(lib_a-findfp.o)
 .ARM.attributes
                0x00000884       0x2b d:/rt-threadstudio/repo/extract/toolchain_support_packages/arm/gnu_tools_for_arm_embedded_processors/5.4.1/bin/../lib/gcc/arm-none-eabi/5.4.1/../../../../arm-none-eabi/lib/armv7-ar/thumb/softfp\libc.a(lib_a-fopen.o)
 .ARM.attributes
                0x000008af       0x2b d:/rt-threadstudio/repo/extract/toolchain_support_packages/arm/gnu_tools_for_arm_embedded_processors/5.4.1/bin/../lib/gcc/arm-none-eabi/5.4.1/../../../../arm-none-eabi/lib/armv7-ar/thumb/softfp\libc.a(lib_a-fseek.o)
 .ARM.attributes
                0x000008da       0x2b d:/rt-threadstudio/repo/extract/toolchain_support_packages/arm/gnu_tools_for_arm_embedded_processors/5.4.1/bin/../lib/gcc/arm-none-eabi/5.4.1/../../../../arm-none-eabi/lib/armv7-ar/thumb/softfp\libc.a(lib_a-fseeko.o)
 .ARM.attributes
                0x00000905       0x2b d:/rt-threadstudio/repo/extract/toolchain_support_packages/arm/gnu_tools_for_arm_embedded_processors/5.4.1/bin/../lib/gcc/arm-none-eabi/5.4.1/../../../../arm-none-eabi/lib/armv7-ar/thumb/softfp\libc.a(lib_a-fwalk.o)
 .ARM.attributes
                0x00000930       0x2b d:/rt-threadstudio/repo/extract/toolchain_support_packages/arm/gnu_tools_for_arm_embedded_processors/5.4.1/bin/../lib/gcc/arm-none-eabi/5.4.1/../../../../arm-none-eabi/lib/armv7-ar/thumb/softfp\libc.a(lib_a-getc.o)
 .ARM.attributes
                0x0000095b       0x2b d:/rt-threadstudio/repo/extract/toolchain_support_packages/arm/gnu_tools_for_arm_embedded_processors/5.4.1/bin/../lib/gcc/arm-none-eabi/5.4.1/../../../../arm-none-eabi/lib/armv7-ar/thumb/softfp\libc.a(lib_a-impure.o)
 .ARM.attributes
                0x00000986       0x2b d:/rt-threadstudio/repo/extract/toolchain_support_packages/arm/gnu_tools_for_arm_embedded_processors/5.4.1/bin/../lib/gcc/arm-none-eabi/5.4.1/../../../../arm-none-eabi/lib/armv7-ar/thumb/softfp\libc.a(lib_a-makebuf.o)
 .ARM.attributes
                0x000009b1       0x2b d:/rt-threadstudio/repo/extract/toolchain_support_packages/arm/gnu_tools_for_arm_embedded_processors/5.4.1/bin/../lib/gcc/arm-none-eabi/5.4.1/../../../../arm-none-eabi/lib/armv7-ar/thumb/softfp\libc.a(lib_a-memcmp.o)
 .ARM.attributes
                0x000009dc       0x19 d:/rt-threadstudio/repo/extract/toolchain_support_packages/arm/gnu_tools_for_arm_embedded_processors/5.4.1/bin/../lib/gcc/arm-none-eabi/5.4.1/../../../../arm-none-eabi/lib/armv7-ar/thumb/softfp\libc.a(lib_a-memcpy.o)
 .ARM.attributes
                0x000009f5       0x2b d:/rt-threadstudio/repo/extract/toolchain_support_packages/arm/gnu_tools_for_arm_embedded_processors/5.4.1/bin/../lib/gcc/arm-none-eabi/5.4.1/../../../../arm-none-eabi/lib/armv7-ar/thumb/softfp\libc.a(lib_a-memset.o)
 .ARM.attributes
                0x00000a20       0x2b d:/rt-threadstudio/repo/extract/toolchain_support_packages/arm/gnu_tools_for_arm_embedded_processors/5.4.1/bin/../lib/gcc/arm-none-eabi/5.4.1/../../../../arm-none-eabi/lib/armv7-ar/thumb/softfp\libc.a(lib_a-putenv.o)
 .ARM.attributes
                0x00000a4b       0x2b d:/rt-threadstudio/repo/extract/toolchain_support_packages/arm/gnu_tools_for_arm_embedded_processors/5.4.1/bin/../lib/gcc/arm-none-eabi/5.4.1/../../../../arm-none-eabi/lib/armv7-ar/thumb/softfp\libc.a(lib_a-putenv_r.o)
 .ARM.attributes
                0x00000a76       0x2b d:/rt-threadstudio/repo/extract/toolchain_support_packages/arm/gnu_tools_for_arm_embedded_processors/5.4.1/bin/../lib/gcc/arm-none-eabi/5.4.1/../../../../arm-none-eabi/lib/armv7-ar/thumb/softfp\libc.a(lib_a-puts.o)
 .ARM.attributes
                0x00000aa1       0x2b d:/rt-threadstudio/repo/extract/toolchain_support_packages/arm/gnu_tools_for_arm_embedded_processors/5.4.1/bin/../lib/gcc/arm-none-eabi/5.4.1/../../../../arm-none-eabi/lib/armv7-ar/thumb/softfp\libc.a(lib_a-refill.o)
 .ARM.attributes
                0x00000acc       0x2b d:/rt-threadstudio/repo/extract/toolchain_support_packages/arm/gnu_tools_for_arm_embedded_processors/5.4.1/bin/../lib/gcc/arm-none-eabi/5.4.1/../../../../arm-none-eabi/lib/armv7-ar/thumb/softfp\libc.a(lib_a-rget.o)
 .ARM.attributes
                0x00000af7       0x2b d:/rt-threadstudio/repo/extract/toolchain_support_packages/arm/gnu_tools_for_arm_embedded_processors/5.4.1/bin/../lib/gcc/arm-none-eabi/5.4.1/../../../../arm-none-eabi/lib/armv7-ar/thumb/softfp\libc.a(lib_a-setenv_r.o)
 .ARM.attributes
                0x00000b22       0x2b d:/rt-threadstudio/repo/extract/toolchain_support_packages/arm/gnu_tools_for_arm_embedded_processors/5.4.1/bin/../lib/gcc/arm-none-eabi/5.4.1/../../../../arm-none-eabi/lib/armv7-ar/thumb/softfp\libc.a(lib_a-setvbuf.o)
 .ARM.attributes
                0x00000b4d       0x2b d:/rt-threadstudio/repo/extract/toolchain_support_packages/arm/gnu_tools_for_arm_embedded_processors/5.4.1/bin/../lib/gcc/arm-none-eabi/5.4.1/../../../../arm-none-eabi/lib/armv7-ar/thumb/softfp\libc.a(lib_a-snprintf.o)
 .ARM.attributes